Archive member included to satisfy reference by file (symbol)

c:/st/stm32cubeide_1.4.0/stm32cubeide/plugins/com.st.stm32cube.ide.mcu.externaltools.gnu-tools-for-stm32.7-2018-q2-update.win32_1.4.0.202007081208/tools/bin/../lib/gcc/arm-none-eabi/7.3.1/../../../../arm-none-eabi/lib/thumb/v7e-m/fpv4-sp/hard\libc_nano.a(lib_a-errno.o)
                              Src/syscalls.o (__errno)
c:/st/stm32cubeide_1.4.0/stm32cubeide/plugins/com.st.stm32cube.ide.mcu.externaltools.gnu-tools-for-stm32.7-2018-q2-update.win32_1.4.0.202007081208/tools/bin/../lib/gcc/arm-none-eabi/7.3.1/../../../../arm-none-eabi/lib/thumb/v7e-m/fpv4-sp/hard\libc_nano.a(lib_a-exit.o)
                              c:/st/stm32cubeide_1.4.0/stm32cubeide/plugins/com.st.stm32cube.ide.mcu.externaltools.gnu-tools-for-stm32.7-2018-q2-update.win32_1.4.0.202007081208/tools/bin/../lib/gcc/arm-none-eabi/7.3.1/../../../../arm-none-eabi/lib/thumb/v7e-m/fpv4-sp/hard/crt0.o (exit)
c:/st/stm32cubeide_1.4.0/stm32cubeide/plugins/com.st.stm32cube.ide.mcu.externaltools.gnu-tools-for-stm32.7-2018-q2-update.win32_1.4.0.202007081208/tools/bin/../lib/gcc/arm-none-eabi/7.3.1/../../../../arm-none-eabi/lib/thumb/v7e-m/fpv4-sp/hard\libc_nano.a(lib_a-impure.o)
                              c:/st/stm32cubeide_1.4.0/stm32cubeide/plugins/com.st.stm32cube.ide.mcu.externaltools.gnu-tools-for-stm32.7-2018-q2-update.win32_1.4.0.202007081208/tools/bin/../lib/gcc/arm-none-eabi/7.3.1/../../../../arm-none-eabi/lib/thumb/v7e-m/fpv4-sp/hard\libc_nano.a(lib_a-exit.o) (_global_impure_ptr)
c:/st/stm32cubeide_1.4.0/stm32cubeide/plugins/com.st.stm32cube.ide.mcu.externaltools.gnu-tools-for-stm32.7-2018-q2-update.win32_1.4.0.202007081208/tools/bin/../lib/gcc/arm-none-eabi/7.3.1/../../../../arm-none-eabi/lib/thumb/v7e-m/fpv4-sp/hard\libc_nano.a(lib_a-init.o)
                              c:/st/stm32cubeide_1.4.0/stm32cubeide/plugins/com.st.stm32cube.ide.mcu.externaltools.gnu-tools-for-stm32.7-2018-q2-update.win32_1.4.0.202007081208/tools/bin/../lib/gcc/arm-none-eabi/7.3.1/../../../../arm-none-eabi/lib/thumb/v7e-m/fpv4-sp/hard/crt0.o (__libc_init_array)
c:/st/stm32cubeide_1.4.0/stm32cubeide/plugins/com.st.stm32cube.ide.mcu.externaltools.gnu-tools-for-stm32.7-2018-q2-update.win32_1.4.0.202007081208/tools/bin/../lib/gcc/arm-none-eabi/7.3.1/../../../../arm-none-eabi/lib/thumb/v7e-m/fpv4-sp/hard\libc_nano.a(lib_a-memset.o)
                              c:/st/stm32cubeide_1.4.0/stm32cubeide/plugins/com.st.stm32cube.ide.mcu.externaltools.gnu-tools-for-stm32.7-2018-q2-update.win32_1.4.0.202007081208/tools/bin/../lib/gcc/arm-none-eabi/7.3.1/../../../../arm-none-eabi/lib/thumb/v7e-m/fpv4-sp/hard/crt0.o (memset)
c:/st/stm32cubeide_1.4.0/stm32cubeide/plugins/com.st.stm32cube.ide.mcu.externaltools.gnu-tools-for-stm32.7-2018-q2-update.win32_1.4.0.202007081208/tools/bin/../lib/gcc/arm-none-eabi/7.3.1/../../../../arm-none-eabi/lib/thumb/v7e-m/fpv4-sp/hard\libm.a(lib_a-w_atan2.o)
                              compass/lis3mdltr.o (atan2)
c:/st/stm32cubeide_1.4.0/stm32cubeide/plugins/com.st.stm32cube.ide.mcu.externaltools.gnu-tools-for-stm32.7-2018-q2-update.win32_1.4.0.202007081208/tools/bin/../lib/gcc/arm-none-eabi/7.3.1/../../../../arm-none-eabi/lib/thumb/v7e-m/fpv4-sp/hard\libm.a(lib_a-w_pow.o)
                              Src/main.o (pow)
c:/st/stm32cubeide_1.4.0/stm32cubeide/plugins/com.st.stm32cube.ide.mcu.externaltools.gnu-tools-for-stm32.7-2018-q2-update.win32_1.4.0.202007081208/tools/bin/../lib/gcc/arm-none-eabi/7.3.1/../../../../arm-none-eabi/lib/thumb/v7e-m/fpv4-sp/hard\libm.a(lib_a-e_atan2.o)
                              c:/st/stm32cubeide_1.4.0/stm32cubeide/plugins/com.st.stm32cube.ide.mcu.externaltools.gnu-tools-for-stm32.7-2018-q2-update.win32_1.4.0.202007081208/tools/bin/../lib/gcc/arm-none-eabi/7.3.1/../../../../arm-none-eabi/lib/thumb/v7e-m/fpv4-sp/hard\libm.a(lib_a-w_atan2.o) (__ieee754_atan2)
c:/st/stm32cubeide_1.4.0/stm32cubeide/plugins/com.st.stm32cube.ide.mcu.externaltools.gnu-tools-for-stm32.7-2018-q2-update.win32_1.4.0.202007081208/tools/bin/../lib/gcc/arm-none-eabi/7.3.1/../../../../arm-none-eabi/lib/thumb/v7e-m/fpv4-sp/hard\libm.a(lib_a-e_pow.o)
                              c:/st/stm32cubeide_1.4.0/stm32cubeide/plugins/com.st.stm32cube.ide.mcu.externaltools.gnu-tools-for-stm32.7-2018-q2-update.win32_1.4.0.202007081208/tools/bin/../lib/gcc/arm-none-eabi/7.3.1/../../../../arm-none-eabi/lib/thumb/v7e-m/fpv4-sp/hard\libm.a(lib_a-w_pow.o) (__ieee754_pow)
c:/st/stm32cubeide_1.4.0/stm32cubeide/plugins/com.st.stm32cube.ide.mcu.externaltools.gnu-tools-for-stm32.7-2018-q2-update.win32_1.4.0.202007081208/tools/bin/../lib/gcc/arm-none-eabi/7.3.1/../../../../arm-none-eabi/lib/thumb/v7e-m/fpv4-sp/hard\libm.a(lib_a-e_sqrt.o)
[...]
Memory Configuration

Name             Origin             Length             Attributes
FLASH            0x0000000008000000 0x0000000000010000 xr
CCMRAM           0x0000000010000000 0x0000000000001000 xrw
RAM              0x0000000020000000 0x0000000000003000 xrw
*default*        0x0000000000000000 0xffffffffffffffff

Linker script and memory map

LOAD c:/st/stm32cubeide_1.4.0/stm32cubeide/plugins/com.st.stm32cube.ide.mcu.externaltools.gnu-tools-for-stm32.7-2018-q2-update.win32_1.4.0.202007081208/tools/bin/../lib/gcc/arm-none-eabi/7.3.1/thumb/v7e-m/fpv4-sp/hard/crti.o
LOAD c:/st/stm32cubeide_1.4.0/stm32cubeide/plugins/com.st.stm32cube.ide.mcu.externaltools.gnu-tools-for-stm32.7-2018-q2-update.win32_1.4.0.202007081208/tools/bin/../lib/gcc/arm-none-eabi/7.3.1/thumb/v7e-m/fpv4-sp/hard/crtbegin.o
LOAD c:/st/stm32cubeide_1.4.0/stm32cubeide/plugins/com.st.stm32cube.ide.mcu.externaltools.gnu-tools-for-stm32.7-2018-q2-update.win32_1.4.0.202007081208/tools/bin/../lib/gcc/arm-none-eabi/7.3.1/../../../../arm-none-eabi/lib/thumb/v7e-m/fpv4-sp/hard/crt0.o
LOAD Drivers/STM32F3xx_HAL_Driver/Src/stm32f3xx_ll_dma.o
LOAD Drivers/STM32F3xx_HAL_Driver/Src/stm32f3xx_ll_exti.o
LOAD Drivers/STM32F3xx_HAL_Driver/Src/stm32f3xx_ll_gpio.o
LOAD Drivers/STM32F3xx_HAL_Driver/Src/stm32f3xx_ll_i2c.o
LOAD Drivers/STM32F3xx_HAL_Driver/Src/stm32f3xx_ll_rcc.o
LOAD Drivers/STM32F3xx_HAL_Driver/Src/stm32f3xx_ll_tim.o
LOAD Drivers/STM32F3xx_HAL_Driver/Src/stm32f3xx_ll_utils.o
LOAD Src/display.o
LOAD Src/gpio.o
LOAD Src/i2c.o
LOAD Src/main.o
LOAD Src/stm32f3xx_it.o
LOAD Src/syscalls.o
LOAD Src/sysmem.o
LOAD Src/system_stm32f3xx.o
LOAD Src/tim.o
LOAD Startup/startup_stm32f303k8tx.o
LOAD accelerometer/lsm6ds0.o
LOAD compass/lis3mdltr.o
LOAD hts221/hts221.o
LOAD lps25hb/lps25hb.o
START GROUP
LOAD c:/st/stm32cubeide_1.4.0/stm32cubeide/plugins/com.st.stm32cube.ide.mcu.externaltools.gnu-tools-for-stm32.7-2018-q2-update.win32_1.4.0.202007081208/tools/bin/../lib/gcc/arm-none-eabi/7.3.1/../../../../arm-none-eabi/lib/thumb/v7e-m/fpv4-sp/hard\libc_nano.a
LOAD c:/st/stm32cubeide_1.4.0/stm32cubeide/plugins/com.st.stm32cube.ide.mcu.externaltools.gnu-tools-for-stm32.7-2018-q2-update.win32_1.4.0.202007081208/tools/bin/../lib/gcc/arm-none-eabi/7.3.1/../../../../arm-none-eabi/lib/thumb/v7e-m/fpv4-sp/hard\libm.a
END GROUP
START GROUP
LOAD c:/st/stm32cubeide_1.4.0/stm32cubeide/plugins/com.st.stm32cube.ide.mcu.externaltools.gnu-tools-for-stm32.7-2018-q2-update.win32_1.4.0.202007081208/tools/bin/../lib/gcc/arm-none-eabi/7.3.1/thumb/v7e-m/fpv4-sp/hard\libgcc.a
LOAD c:/st/stm32cubeide_1.4.0/stm32cubeide/plugins/com.st.stm32cube.ide.mcu.externaltools.gnu-tools-for-stm32.7-2018-q2-update.win32_1.4.0.202007081208/tools/bin/../lib/gcc/arm-none-eabi/7.3.1/../../../../arm-none-eabi/lib/thumb/v7e-m/fpv4-sp/hard\libc_nano.a
END GROUP
START GROUP
LOAD c:/st/stm32cubeide_1.4.0/stm32cubeide/plugins/com.st.stm32cube.ide.mcu.externaltools.gnu-tools-for-stm32.7-2018-q2-update.win32_1.4.0.202007081208/tools/bin/../lib/gcc/arm-none-eabi/7.3.1/thumb/v7e-m/fpv4-sp/hard\libgcc.a
LOAD c:/st/stm32cubeide_1.4.0/stm32cubeide/plugins/com.st.stm32cube.ide.mcu.externaltools.gnu-tools-for-stm32.7-2018-q2-update.win32_1.4.0.202007081208/tools/bin/../lib/gcc/arm-none-eabi/7.3.1/../../../../arm-none-eabi/lib/thumb/v7e-m/fpv4-sp/hard\libc_nano.a
LOAD c:/st/stm32cubeide_1.4.0/stm32cubeide/plugins/com.st.stm32cube.ide.mcu.externaltools.gnu-tools-for-stm32.7-2018-q2-update.win32_1.4.0.202007081208/tools/bin/../lib/gcc/arm-none-eabi/7.3.1/../../../../arm-none-eabi/lib/thumb/v7e-m/fpv4-sp/hard\libnosys.a
END GROUP
START GROUP
LOAD c:/st/stm32cubeide_1.4.0/stm32cubeide/plugins/com.st.stm32cube.ide.mcu.externaltools.gnu-tools-for-stm32.7-2018-q2-update.win32_1.4.0.202007081208/tools/bin/../lib/gcc/arm-none-eabi/7.3.1/thumb/v7e-m/fpv4-sp/hard\libgcc.a
LOAD c:/st/stm32cubeide_1.4.0/stm32cubeide/plugins/com.st.stm32cube.ide.mcu.externaltools.gnu-tools-for-stm32.7-2018-q2-update.win32_1.4.0.202007081208/tools/bin/../lib/gcc/arm-none-eabi/7.3.1/../../../../arm-none-eabi/lib/thumb/v7e-m/fpv4-sp/hard\libc_nano.a
LOAD c:/st/stm32cubeide_1.4.0/stm32cubeide/plugins/com.st.stm32cube.ide.mcu.externaltools.gnu-tools-for-stm32.7-2018-q2-update.win32_1.4.0.202007081208/tools/bin/../lib/gcc/arm-none-eabi/7.3.1/../../../../arm-none-eabi/lib/thumb/v7e-m/fpv4-sp/hard\libnosys.a
END GROUP
LOAD c:/st/stm32cubeide_1.4.0/stm32cubeide/plugins/com.st.stm32cube.ide.mcu.externaltools.gnu-tools-for-stm32.7-2018-q2-update.win32_1.4.0.202007081208/tools/bin/../lib/gcc/arm-none-eabi/7.3.1/thumb/v7e-m/fpv4-sp/hard/crtend.o
LOAD c:/st/stm32cubeide_1.4.0/stm32cubeide/plugins/com.st.stm32cube.ide.mcu.externaltools.gnu-tools-for-stm32.7-2018-q2-update.win32_1.4.0.202007081208/tools/bin/../lib/gcc/arm-none-eabi/7.3.1/thumb/v7e-m/fpv4-sp/hard/crtn.o
                0x0000000020003000                _estack = 0x20003000
                0x0000000000000200                _Min_Heap_Size = 0x200
                0x0000000000000400                _Min_Stack_Size = 0x400

.isr_vector     0x0000000008000000      0x188
                0x0000000008000000                . = ALIGN (0x4)
 *(.isr_vector)
 .isr_vector    0x0000000008000000      0x188 Startup/startup_stm32f303k8tx.o
                0x0000000008000000                g_pfnVectors
                0x0000000008000188                . = ALIGN (0x4)

.text           0x0000000008000188     0x519c
                0x0000000008000188                . = ALIGN (0x4)
 *(.text)
 .text          0x0000000008000188       0x40 c:/st/stm32cubeide_1.4.0/stm32cubeide/plugins/com.st.stm32cube.ide.mcu.externaltools.gnu-tools-for-stm32.7-2018-q2-update.win32_1.4.0.202007081208/tools/bin/../lib/gcc/arm-none-eabi/7.3.1/thumb/v7e-m/fpv4-sp/hard/crtbegin.o
 .text          0x00000000080001c8      0x378 c:/st/stm32cubeide_1.4.0/stm32cubeide/plugins/com.st.stm32cube.ide.mcu.externaltools.gnu-tools-for-stm32.7-2018-q2-update.win32_1.4.0.202007081208/tools/bin/../lib/gcc/arm-none-eabi/7.3.1/thumb/v7e-m/fpv4-sp/hard\libgcc.a(_arm_addsubdf3.o)
                0x00000000080001c8                __aeabi_drsub
                0x00000000080001d0                __aeabi_dsub
                0x00000000080001d0                __subdf3
                0x00000000080001d4                __aeabi_dadd
                0x00000000080001d4                __adddf3
                0x000000000800044c                __floatunsidf
                0x000000000800044c                __aeabi_ui2d
                0x000000000800046c                __floatsidf
                0x000000000800046c                __aeabi_i2d
                0x0000000008000490                __aeabi_f2d
                0x0000000008000490                __extendsfdf2
                0x00000000080004d4                __floatundidf
                0x00000000080004d4                __aeabi_ul2d
                0x00000000080004e4                __floatdidf
                0x00000000080004e4                __aeabi_l2d
 .text          0x0000000008000540      0x424 c:/st/stm32cubeide_1.4.0/stm32cubeide/plugins/com.st.stm32cube.ide.mcu.externaltools.gnu-tools-for-stm32.7-2018-q2-update.win32_1.4.0.202007081208/tools/bin/../lib/gcc/arm-none-eabi/7.3.1/thumb/v7e-m/fpv4-sp/hard\libgcc.a(_arm_muldivdf3.o)
                0x0000000008000540                __aeabi_dmul
                0x0000000008000540                __muldf3
                0x0000000008000794                __divdf3
                0x0000000008000794                __aeabi_ddiv
 .text          0x0000000008000964      0x110 c:/st/stm32cubeide_1.4.0/stm32cubeide/plugins/com.st.stm32cube.ide.mcu.externaltools.gnu-tools-for-stm32.7-2018-q2-update.win32_1.4.0.202007081208/tools/bin/../lib/gcc/arm-none-eabi/7.3.1/thumb/v7e-m/fpv4-sp/hard\libgcc.a(_arm_cmpdf2.o)
                0x0000000008000964                __gtdf2
                0x0000000008000964                __gedf2
                0x000000000800096c                __ltdf2
                0x000000000800096c                __ledf2
                0x0000000008000974                __nedf2
                0x0000000008000974                __eqdf2
                0x0000000008000974                __cmpdf2
                0x00000000080009f0                __aeabi_cdrcmple
                0x0000000008000a00                __aeabi_cdcmpeq
                0x0000000008000a00                __aeabi_cdcmple
                0x0000000008000a10                __aeabi_dcmpeq
                0x0000000008000a24                __aeabi_dcmplt
                0x0000000008000a38                __aeabi_dcmple
                0x0000000008000a4c                __aeabi_dcmpge
                0x0000000008000a60                __aeabi_dcmpgt
 .text          0x0000000008000a74       0x2c c:/st/stm32cubeide_1.4.0/stm32cubeide/plugins/com.st.stm32cube.ide.mcu.externaltools.gnu-tools-for-stm32.7-2018-q2-update.win32_1.4.0.202007081208/tools/bin/../lib/gcc/arm-none-eabi/7.3.1/thumb/v7e-m/fpv4-sp/hard\libgcc.a(_arm_unorddf2.o)
                0x0000000008000a74                __unorddf2
                0x0000000008000a74                __aeabi_dcmpun
 .text          0x0000000008000aa0       0xa0 c:/st/stm32cubeide_1.4.0/stm32cubeide/plugins/com.st.stm32cube.ide.mcu.externaltools.gnu-tools-for-stm32.7-2018-q2-update.win32_1.4.0.202007081208/tools/bin/../lib/gcc/arm-none-eabi/7.3.1/thumb/v7e-m/fpv4-sp/hard\libgcc.a(_arm_truncdfsf2.o)
                0x0000000008000aa0                __truncdfsf2
                0x0000000008000aa0                __aeabi_d2f
 *(.text*)
 .text.LL_GPIO_SetPinMode
                0x0000000008000b40       0x5a Drivers/STM32F3xx_HAL_Driver/Src/stm32f3xx_ll_gpio.o
 .text.LL_GPIO_SetPinOutputType
                0x0000000008000b9a       0x30 Drivers/STM32F3xx_HAL_Driver/Src/stm32f3xx_ll_gpio.o
 .text.LL_GPIO_SetPinSpeed
                0x0000000008000bca       0x5a Drivers/STM32F3xx_HAL_Driver/Src/stm32f3xx_ll_gpio.o
 .text.LL_GPIO_SetPinPull
                0x0000000008000c24       0x5a Drivers/STM32F3xx_HAL_Driver/Src/stm32f3xx_ll_gpio.o
 .text.LL_GPIO_SetAFPin_0_7
                0x0000000008000c7e       0x5a Drivers/STM32F3xx_HAL_Driver/Src/stm32f3xx_ll_gpio.o
 .text.LL_GPIO_SetAFPin_8_15
                0x0000000008000cd8       0x5e Drivers/STM32F3xx_HAL_Driver/Src/stm32f3xx_ll_gpio.o
 .text.LL_GPIO_Init
                0x0000000008000d36       0xf4 Drivers/STM32F3xx_HAL_Driver/Src/stm32f3xx_ll_gpio.o
                0x0000000008000d36                LL_GPIO_Init
 .text.LL_I2C_Enable
                0x0000000008000e2a       0x20 Drivers/STM32F3xx_HAL_Driver/Src/stm32f3xx_ll_i2c.o
 .text.LL_I2C_Disable
                0x0000000008000e4a       0x20 Drivers/STM32F3xx_HAL_Driver/Src/stm32f3xx_ll_i2c.o
 .text.LL_I2C_ConfigFilters
                0x0000000008000e6a       0x2e Drivers/STM32F3xx_HAL_Driver/Src/stm32f3xx_ll_i2c.o
 .text.LL_I2C_SetOwnAddress1
                0x0000000008000e98       0x30 Drivers/STM32F3xx_HAL_Driver/Src/stm32f3xx_ll_i2c.o
 .text.LL_I2C_EnableOwnAddress1
                0x0000000008000ec8       0x20 Drivers/STM32F3xx_HAL_Driver/Src/stm32f3xx_ll_i2c.o
 .text.LL_I2C_DisableOwnAddress1
                0x0000000008000ee8       0x20 Drivers/STM32F3xx_HAL_Driver/Src/stm32f3xx_ll_i2c.o
 .text.LL_I2C_SetTiming
                0x0000000008000f08       0x1c Drivers/STM32F3xx_HAL_Driver/Src/stm32f3xx_ll_i2c.o
 .text.LL_I2C_SetMode
                0x0000000008000f24       0x26 Drivers/STM32F3xx_HAL_Driver/Src/stm32f3xx_ll_i2c.o
 .text.LL_I2C_AcknowledgeNextData
                0x0000000008000f4a       0x26 Drivers/STM32F3xx_HAL_Driver/Src/stm32f3xx_ll_i2c.o
 .text.LL_I2C_Init
                0x0000000008000f70       0x78 Drivers/STM32F3xx_HAL_Driver/Src/stm32f3xx_ll_i2c.o
                0x0000000008000f70                LL_I2C_Init
 .text.LL_TIM_SetPrescaler
                0x0000000008000fe8       0x1c Drivers/STM32F3xx_HAL_Driver/Src/stm32f3xx_ll_tim.o
 .text.LL_TIM_SetAutoReload
                0x0000000008001004       0x1c Drivers/STM32F3xx_HAL_Driver/Src/stm32f3xx_ll_tim.o
 .text.LL_TIM_SetRepetitionCounter
                0x0000000008001020       0x1c Drivers/STM32F3xx_HAL_Driver/Src/stm32f3xx_ll_tim.o
 .text.LL_TIM_OC_SetCompareCH1
                0x000000000800103c       0x1c Drivers/STM32F3xx_HAL_Driver/Src/stm32f3xx_ll_tim.o
 .text.LL_TIM_OC_SetCompareCH2
                0x0000000008001058       0x1c Drivers/STM32F3xx_HAL_Driver/Src/stm32f3xx_ll_tim.o
 .text.LL_TIM_OC_SetCompareCH3
                0x0000000008001074       0x1c Drivers/STM32F3xx_HAL_Driver/Src/stm32f3xx_ll_tim.o
 .text.LL_TIM_OC_SetCompareCH4
                0x0000000008001090       0x1c Drivers/STM32F3xx_HAL_Driver/Src/stm32f3xx_ll_tim.o
 .text.LL_TIM_OC_SetCompareCH5
                0x00000000080010ac       0x1c Drivers/STM32F3xx_HAL_Driver/Src/stm32f3xx_ll_tim.o
 .text.LL_TIM_OC_SetCompareCH6
                0x00000000080010c8       0x1c Drivers/STM32F3xx_HAL_Driver/Src/stm32f3xx_ll_tim.o
 .text.LL_TIM_GenerateEvent_UPDATE
                0x00000000080010e4       0x20 Drivers/STM32F3xx_HAL_Driver/Src/stm32f3xx_ll_tim.o
 .text.LL_TIM_Init
                0x0000000008001104       0xe8 Drivers/STM32F3xx_HAL_Driver/Src/stm32f3xx_ll_tim.o
                0x0000000008001104                LL_TIM_Init
 .text.LL_TIM_OC_Init
                0x00000000080011ec       0x9a Drivers/STM32F3xx_HAL_Driver/Src/stm32f3xx_ll_tim.o
                0x00000000080011ec                LL_TIM_OC_Init
 *fill*         0x0000000008001286        0x2 
 .text.OC1Config
                0x0000000008001288      0x100 Drivers/STM32F3xx_HAL_Driver/Src/stm32f3xx_ll_tim.o
 .text.OC2Config
                0x0000000008001388      0x108 Drivers/STM32F3xx_HAL_Driver/Src/stm32f3xx_ll_tim.o
 .text.OC3Config
                0x0000000008001490      0x108 Drivers/STM32F3xx_HAL_Driver/Src/stm32f3xx_ll_tim.o
 .text.OC4Config
                0x0000000008001598       0xd8 Drivers/STM32F3xx_HAL_Driver/Src/stm32f3xx_ll_tim.o
 .text.OC5Config
                0x0000000008001670       0xc4 Drivers/STM32F3xx_HAL_Driver/Src/stm32f3xx_ll_tim.o
 .text.OC6Config
                0x0000000008001734       0xc4 Drivers/STM32F3xx_HAL_Driver/Src/stm32f3xx_ll_tim.o
 .text.LL_InitTick
                0x00000000080017f8       0x34 Drivers/STM32F3xx_HAL_Driver/Src/stm32f3xx_ll_utils.o
 .text.LL_Init1msTick
                0x000000000800182c       0x1a Drivers/STM32F3xx_HAL_Driver/Src/stm32f3xx_ll_utils.o
                0x000000000800182c                LL_Init1msTick
 *fill*         0x0000000008001846        0x2 
 .text.LL_mDelay
                0x0000000008001848       0x48 Drivers/STM32F3xx_HAL_Driver/Src/stm32f3xx_ll_utils.o
                0x0000000008001848                LL_mDelay
 .text.LL_SetSystemCoreClock
                0x0000000008001890       0x20 Drivers/STM32F3xx_HAL_Driver/Src/stm32f3xx_ll_utils.o
                0x0000000008001890                LL_SetSystemCoreClock
 .text.LL_GPIO_SetOutputPin
                0x00000000080018b0       0x1c Src/display.o
 .text.LL_GPIO_ResetOutputPin
                0x00000000080018cc       0x1c Src/display.o
 .text.LL_TIM_ClearFlag_UPDATE
                0x00000000080018e8       0x1c Src/display.o
 .text.LL_TIM_IsActiveFlag_UPDATE
                0x0000000008001904       0x26 Src/display.o
 *fill*         0x000000000800192a        0x2 
 .text.resetSegments
                0x000000000800192c       0x5c Src/display.o
                0x000000000800192c                resetSegments
 .text.setSegments
                0x0000000008001988       0x5c Src/display.o
                0x0000000008001988                setSegments
 .text.resetDigits
                0x00000000080019e4       0x40 Src/display.o
                0x00000000080019e4                resetDigits
 .text.setDigits
                0x0000000008001a24       0x40 Src/display.o
                0x0000000008001a24                setDigits
 .text.setOne   0x0000000008001a64       0x1e Src/display.o
                0x0000000008001a64                setOne
 *fill*         0x0000000008001a82        0x2 
 .text.setTwo   0x0000000008001a84       0x3c Src/display.o
                0x0000000008001a84                setTwo
 .text.setThree
                0x0000000008001ac0       0x3c Src/display.o
                0x0000000008001ac0                setThree
 .text.setFour  0x0000000008001afc       0x34 Src/display.o
                0x0000000008001afc                setFour
 .text.setFive  0x0000000008001b30       0x3c Src/display.o
                0x0000000008001b30                setFive
 .text.setSix   0x0000000008001b6c       0x48 Src/display.o
                0x0000000008001b6c                setSix
 .text.setSeven
                0x0000000008001bb4       0x28 Src/display.o
                0x0000000008001bb4                setSeven
 .text.setEight
                0x0000000008001bdc       0x54 Src/display.o
                0x0000000008001bdc                setEight
 .text.setNine  0x0000000008001c30       0x40 Src/display.o
                0x0000000008001c30                setNine
 .text.setZero  0x0000000008001c70       0x4c Src/display.o
                0x0000000008001c70                setZero
 .text.setA     0x0000000008001cbc       0x4c Src/display.o
                0x0000000008001cbc                setA
 .text.setB     0x0000000008001d08       0x40 Src/display.o
                0x0000000008001d08                setB
 .text.setC     0x0000000008001d48       0x34 Src/display.o
                0x0000000008001d48                setC
 .text.setD     0x0000000008001d7c       0x40 Src/display.o
                0x0000000008001d7c                setD
 .text.setE     0x0000000008001dbc       0x3c Src/display.o
                0x0000000008001dbc                setE
 .text.setF     0x0000000008001df8       0x34 Src/display.o
                0x0000000008001df8                setF
 .text.setG     0x0000000008001e2c       0x40 Src/display.o
                0x0000000008001e2c                setG
 .text.setH     0x0000000008001e6c       0x40 Src/display.o
                0x0000000008001e6c                setH
 .text.setI     0x0000000008001eac       0x1e Src/display.o
                0x0000000008001eac                setI
 *fill*         0x0000000008001eca        0x2 
 .text.setJ     0x0000000008001ecc       0x38 Src/display.o
                0x0000000008001ecc                setJ
 .text.setK     0x0000000008001f04       0x40 Src/display.o
                0x0000000008001f04                setK
 .text.setL     0x0000000008001f44       0x2c Src/display.o
                0x0000000008001f44                setL
 .text.setM     0x0000000008001f70       0x34 Src/display.o
                0x0000000008001f70                setM
 .text.setN     0x0000000008001fa4       0x2c Src/display.o
                0x0000000008001fa4                setN
 .text.setO     0x0000000008001fd0       0x4c Src/display.o
                0x0000000008001fd0                setO
 .text.setP     0x000000000800201c       0x40 Src/display.o
                0x000000000800201c                setP
 .text.setR     0x000000000800205c       0x20 Src/display.o
                0x000000000800205c                setR
 .text.setS     0x000000000800207c       0x3c Src/display.o
                0x000000000800207c                setS
 .text.setT     0x00000000080020b8       0x34 Src/display.o
                0x00000000080020b8                setT
 .text.setU     0x00000000080020ec       0x40 Src/display.o
                0x00000000080020ec                setU
 .text.setV     0x000000000800212c       0x28 Src/display.o
                0x000000000800212c                setV
 .text.setX     0x0000000008002154       0x28 Src/display.o
                0x0000000008002154                setX
 .text.setY     0x000000000800217c       0x3c Src/display.o
                0x000000000800217c                setY
 .text.setZ     0x00000000080021b8       0x3c Src/display.o
                0x00000000080021b8                setZ
 .text.podjebnik
                0x00000000080021f4       0x14 Src/display.o
                0x00000000080021f4                podjebnik
 .text.setDigit
                0x0000000008002208       0x64 Src/display.o
                0x0000000008002208                setDigit
 .text.updateDisplay
                0x000000000800226c      0x2ec Src/display.o
                0x000000000800226c                updateDisplay
 .text.TIM3_IRQHandler
                0x0000000008002558       0x24 Src/display.o
                0x0000000008002558                TIM3_IRQHandler
 .text.LL_AHB1_GRP1_EnableClock
                0x000000000800257c       0x30 Src/gpio.o
 .text.LL_GPIO_ResetOutputPin
                0x00000000080025ac       0x1c Src/gpio.o
 .text.MX_GPIO_Init
                0x00000000080025c8       0x88 Src/gpio.o
                0x00000000080025c8                MX_GPIO_Init
 .text.NVIC_GetPriorityGrouping
                0x0000000008002650       0x1c Src/i2c.o
 .text.NVIC_EnableIRQ
                0x000000000800266c       0x34 Src/i2c.o
 .text.NVIC_SetPriority
                0x00000000080026a0       0x54 Src/i2c.o
 .text.NVIC_EncodePriority
                0x00000000080026f4       0x66 Src/i2c.o
 .text.LL_I2C_Enable
                0x000000000800275a       0x20 Src/i2c.o
 .text.LL_I2C_EnableClockStretching
                0x000000000800277a       0x20 Src/i2c.o
 .text.LL_I2C_DisableGeneralCall
                0x000000000800279a       0x20 Src/i2c.o
 .text.LL_I2C_SetOwnAddress2
                0x00000000080027ba       0x30 Src/i2c.o
 .text.LL_I2C_DisableOwnAddress2
                0x00000000080027ea       0x20 Src/i2c.o
 .text.LL_I2C_EnableIT_RX
                0x000000000800280a       0x20 Src/i2c.o
 .text.LL_I2C_DisableIT_RX
                0x000000000800282a       0x20 Src/i2c.o
 .text.LL_I2C_IsActiveFlag_TXIS
                0x000000000800284a       0x26 Src/i2c.o
 .text.LL_I2C_IsActiveFlag_RXNE
                0x0000000008002870       0x26 Src/i2c.o
 .text.LL_I2C_IsActiveFlag_STOP
                0x0000000008002896       0x26 Src/i2c.o
 .text.LL_I2C_ClearFlag_STOP
                0x00000000080028bc       0x20 Src/i2c.o
 .text.LL_I2C_EnableAutoEndMode
                0x00000000080028dc       0x20 Src/i2c.o
 .text.LL_I2C_HandleTransfer
                0x00000000080028fc       0x4c Src/i2c.o
 .text.LL_I2C_ReceiveData8
                0x0000000008002948       0x1a Src/i2c.o
 .text.LL_I2C_TransmitData8
                0x0000000008002962       0x1e Src/i2c.o
 .text.LL_AHB1_GRP1_EnableClock
                0x0000000008002980       0x30 Src/i2c.o
 .text.LL_APB1_GRP1_EnableClock
                0x00000000080029b0       0x30 Src/i2c.o
 .text.MX_I2C1_Init
                0x00000000080029e0       0xe0 Src/i2c.o
                0x00000000080029e0                MX_I2C1_Init
 .text.i2c_master_write
                0x0000000008002ac0       0x88 Src/i2c.o
                0x0000000008002ac0                i2c_master_write
 .text.i2c_master_read
                0x0000000008002b48       0xf8 Src/i2c.o
                0x0000000008002b48                i2c_master_read
 .text.I2C1_EV_IRQHandler
                0x0000000008002c40       0x60 Src/i2c.o
                0x0000000008002c40                I2C1_EV_IRQHandler
 .text.NVIC_SetPriorityGrouping
                0x0000000008002ca0       0x48 Src/main.o
 .text.LL_RCC_HSI_Enable
                0x0000000008002ce8       0x20 Src/main.o
 .text.LL_RCC_HSI_IsReady
                0x0000000008002d08       0x24 Src/main.o
 .text.LL_RCC_HSI_SetCalibTrimming
                0x0000000008002d2c       0x2c Src/main.o
 .text.LL_RCC_SetSysClkSource
                0x0000000008002d58       0x28 Src/main.o
 .text.LL_RCC_GetSysClkSource
                0x0000000008002d80       0x1c Src/main.o
 .text.LL_RCC_SetAHBPrescaler
                0x0000000008002d9c       0x28 Src/main.o
 .text.LL_RCC_SetAPB1Prescaler
                0x0000000008002dc4       0x28 Src/main.o
 .text.LL_RCC_SetAPB2Prescaler
                0x0000000008002dec       0x28 Src/main.o
 .text.LL_RCC_SetI2CClockSource
                0x0000000008002e14       0x30 Src/main.o
 .text.LL_APB1_GRP1_EnableClock
                0x0000000008002e44       0x30 Src/main.o
 .text.LL_APB2_GRP1_EnableClock
                0x0000000008002e74       0x30 Src/main.o
 .text.LL_FLASH_SetLatency
                0x0000000008002ea4       0x28 Src/main.o
 .text.LL_FLASH_GetLatency
                0x0000000008002ecc       0x1c Src/main.o
 .text.LL_SYSTICK_SetClkSource
                0x0000000008002ee8       0x38 Src/main.o
 .text.main     0x0000000008002f20       0xf0 Src/main.o
                0x0000000008002f20                main
 .text.nadmorska_vyska
                0x0000000008003010       0xcc Src/main.o
                0x0000000008003010                nadmorska_vyska
 .text.SystemClock_Config
                0x00000000080030dc       0x74 Src/main.o
                0x00000000080030dc                SystemClock_Config
 .text.Error_Handler
                0x0000000008003150        0xe Src/main.o
                0x0000000008003150                Error_Handler
 .text.NMI_Handler
                0x000000000800315e        0xe Src/stm32f3xx_it.o
                0x000000000800315e                NMI_Handler
 .text.HardFault_Handler
                0x000000000800316c        0x6 Src/stm32f3xx_it.o
                0x000000000800316c                HardFault_Handler
 .text.MemManage_Handler
                0x0000000008003172        0x6 Src/stm32f3xx_it.o
                0x0000000008003172                MemManage_Handler
 .text.BusFault_Handler
                0x0000000008003178        0x6 Src/stm32f3xx_it.o
                0x0000000008003178                BusFault_Handler
 .text.UsageFault_Handler
                0x000000000800317e        0x6 Src/stm32f3xx_it.o
                0x000000000800317e                UsageFault_Handler
 .text.SVC_Handler
                0x0000000008003184        0xe Src/stm32f3xx_it.o
                0x0000000008003184                SVC_Handler
 .text.DebugMon_Handler
                0x0000000008003192        0xe Src/stm32f3xx_it.o
                0x0000000008003192                DebugMon_Handler
 .text.PendSV_Handler
                0x00000000080031a0        0xe Src/stm32f3xx_it.o
                0x00000000080031a0                PendSV_Handler
 .text.SysTick_Handler
                0x00000000080031ae        0xe Src/stm32f3xx_it.o
                0x00000000080031ae                SysTick_Handler
 .text.SystemInit
                0x00000000080031bc       0x94 Src/system_stm32f3xx.o
                0x00000000080031bc                SystemInit
 .text.NVIC_GetPriorityGrouping
                0x0000000008003250       0x1c Src/tim.o
 .text.NVIC_EnableIRQ
                0x000000000800326c       0x34 Src/tim.o
 .text.NVIC_SetPriority
                0x00000000080032a0       0x54 Src/tim.o
 .text.NVIC_EncodePriority
                0x00000000080032f4       0x66 Src/tim.o
 *fill*         0x000000000800335a        0x2 
 .text.LL_APB1_GRP1_EnableClock
                0x000000000800335c       0x30 Src/tim.o
 .text.LL_TIM_EnableCounter
                0x000000000800338c       0x20 Src/tim.o
 .text.LL_TIM_EnableARRPreload
                0x00000000080033ac       0x20 Src/tim.o
 .text.LL_TIM_OC_DisableFast
                0x00000000080033cc       0x9c Src/tim.o
 .text.LL_TIM_SetClockSource
                0x0000000008003468       0x2a Src/tim.o
 .text.LL_TIM_SetTriggerOutput
                0x0000000008003492       0x26 Src/tim.o
 .text.LL_TIM_DisableMasterSlaveMode
                0x00000000080034b8       0x20 Src/tim.o
 .text.LL_TIM_EnableIT_UPDATE
                0x00000000080034d8       0x20 Src/tim.o
 .text.MX_TIM3_Init
                0x00000000080034f8       0xc4 Src/tim.o
                0x00000000080034f8                MX_TIM3_Init
 .text.Reset_Handler
                0x00000000080035bc       0x50 Startup/startup_stm32f303k8tx.o
                0x00000000080035bc                Reset_Handler
 .text.Default_Handler
                0x000000000800360c        0x2 Startup/startup_stm32f303k8tx.o
                0x000000000800360c                RTC_Alarm_IRQHandler
                0x000000000800360c                TIM1_CC_IRQHandler
                0x000000000800360c                PVD_IRQHandler
                0x000000000800360c                TAMP_STAMP_IRQHandler
                0x000000000800360c                EXTI3_IRQHandler
                0x000000000800360c                EXTI0_IRQHandler
                0x000000000800360c                FPU_IRQHandler
                0x000000000800360c                CAN_TX_IRQHandler
                0x000000000800360c                TIM1_UP_TIM16_IRQHandler
                0x000000000800360c                ADC1_2_IRQHandler
                0x000000000800360c                SPI1_IRQHandler
                0x000000000800360c                CAN_SCE_IRQHandler
                0x000000000800360c                DMA1_Channel4_IRQHandler
                0x000000000800360c                USART3_IRQHandler
                0x000000000800360c                DMA1_Channel7_IRQHandler
                0x000000000800360c                TIM7_DAC2_IRQHandler
                0x000000000800360c                CAN_RX1_IRQHandler
                0x000000000800360c                DMA1_Channel6_IRQHandler
                0x000000000800360c                RCC_IRQHandler
                0x000000000800360c                DMA1_Channel1_IRQHandler
                0x000000000800360c                Default_Handler
                0x000000000800360c                EXTI15_10_IRQHandler
                0x000000000800360c                COMP2_IRQHandler
                0x000000000800360c                TIM6_DAC1_IRQHandler
                0x000000000800360c                EXTI9_5_IRQHandler
                0x000000000800360c                RTC_WKUP_IRQHandler
                0x000000000800360c                DMA1_Channel5_IRQHandler
                0x000000000800360c                EXTI4_IRQHandler
                0x000000000800360c                TIM1_TRG_COM_TIM17_IRQHandler
                0x000000000800360c                DMA1_Channel3_IRQHandler
                0x000000000800360c                WWDG_IRQHandler
                0x000000000800360c                TIM2_IRQHandler
                0x000000000800360c                EXTI1_IRQHandler
                0x000000000800360c                COMP4_6_IRQHandler
                0x000000000800360c                USART2_IRQHandler
                0x000000000800360c                DMA1_Channel2_IRQHandler
                0x000000000800360c                FLASH_IRQHandler
                0x000000000800360c                USART1_IRQHandler
                0x000000000800360c                CAN_RX0_IRQHandler
                0x000000000800360c                I2C1_ER_IRQHandler
                0x000000000800360c                EXTI2_TSC_IRQHandler
                0x000000000800360c                TIM1_BRK_TIM15_IRQHandler
 *fill*         0x000000000800360e        0x2 
 .text.lsm6ds0_read_byte
                0x0000000008003610       0x34 accelerometer/lsm6ds0.o
                0x0000000008003610                lsm6ds0_read_byte
 .text.lsm6ds0_write_byte
                0x0000000008003644       0x2c accelerometer/lsm6ds0.o
                0x0000000008003644                lsm6ds0_write_byte
 .text.lsm6ds0_init
                0x0000000008003670       0x64 accelerometer/lsm6ds0.o
                0x0000000008003670                lsm6ds0_init
 .text.lis3mdl_read_byte
                0x00000000080036d4       0x34 compass/lis3mdltr.o
                0x00000000080036d4                lis3mdl_read_byte
 .text.lis3mdl_write_byte
                0x0000000008003708       0x2c compass/lis3mdltr.o
                0x0000000008003708                lis3mdl_write_byte
 .text.lis3mdl_readArray
                0x0000000008003734       0x30 compass/lis3mdltr.o
                0x0000000008003734                lis3mdl_readArray
 .text.lis3mdl_get_mag
                0x0000000008003764       0xc4 compass/lis3mdltr.o
                0x0000000008003764                lis3mdl_get_mag
 .text.lis3mdl_get_azimut
                0x0000000008003828       0x94 compass/lis3mdltr.o
                0x0000000008003828                lis3mdl_get_azimut
 .text.lis3mdl_init
                0x00000000080038bc       0x9c compass/lis3mdltr.o
                0x00000000080038bc                lis3mdl_init
 .text.hts221_read_byte
                0x0000000008003958       0x2c hts221/hts221.o
                0x0000000008003958                hts221_read_byte
 .text.hts221_write_byte
                0x0000000008003984       0x24 hts221/hts221.o
                0x0000000008003984                hts221_write_byte
 .text.hts221_readArray
                0x00000000080039a8       0x28 hts221/hts221.o
                0x00000000080039a8                hts221_readArray
 .text.hts221_getTemp
                0x00000000080039d0      0x11e hts221/hts221.o
                0x00000000080039d0                hts221_getTemp
 .text.hts221_getHumi
                0x0000000008003aee       0xae hts221/hts221.o
                0x0000000008003aee                hts221_getHumi
 .text.hts221_init
                0x0000000008003b9c       0x5c hts221/hts221.o
                0x0000000008003b9c                hts221_init
 .text.lps25hb_read_byte
                0x0000000008003bf8       0x2c lps25hb/lps25hb.o
                0x0000000008003bf8                lps25hb_read_byte
 .text.lps25hb_write_byte
                0x0000000008003c24       0x24 lps25hb/lps25hb.o
                0x0000000008003c24                lps25hb_write_byte
 .text.lps25hb_getPressure
                0x0000000008003c48       0x58 lps25hb/lps25hb.o
                0x0000000008003c48                lps25hb_getPressure
 .text.lps25hb_init
                0x0000000008003ca0       0x52 lps25hb/lps25hb.o
                0x0000000008003ca0                lps25hb_init
 *fill*         0x0000000008003cf2        0x2 
 .text.__errno  0x0000000008003cf4        0xc c:/st/stm32cubeide_1.4.0/stm32cubeide/plugins/com.st.stm32cube.ide.mcu.externaltools.gnu-tools-for-stm32.7-2018-q2-update.win32_1.4.0.202007081208/tools/bin/../lib/gcc/arm-none-eabi/7.3.1/../../../../arm-none-eabi/lib/thumb/v7e-m/fpv4-sp/hard\libc_nano.a(lib_a-errno.o)
                0x0000000008003cf4                __errno
 .text.__libc_init_array
                0x0000000008003d00       0x48 c:/st/stm32cubeide_1.4.0/stm32cubeide/plugins/com.st.stm32cube.ide.mcu.externaltools.gnu-tools-for-stm32.7-2018-q2-update.win32_1.4.0.202007081208/tools/bin/../lib/gcc/arm-none-eabi/7.3.1/../../../../arm-none-eabi/lib/thumb/v7e-m/fpv4-sp/hard\libc_nano.a(lib_a-init.o)
                0x0000000008003d00                __libc_init_array
 .text.memset   0x0000000008003d48       0x10 c:/st/stm32cubeide_1.4.0/stm32cubeide/plugins/com.st.stm32cube.ide.mcu.externaltools.gnu-tools-for-stm32.7-2018-q2-update.win32_1.4.0.202007081208/tools/bin/../lib/gcc/arm-none-eabi/7.3.1/../../../../arm-none-eabi/lib/thumb/v7e-m/fpv4-sp/hard\libc_nano.a(lib_a-memset.o)
                0x0000000008003d48                memset
 .text.atan2    0x0000000008003d58        0x4 c:/st/stm32cubeide_1.4.0/stm32cubeide/plugins/com.st.stm32cube.ide.mcu.externaltools.gnu-tools-for-stm32.7-2018-q2-update.win32_1.4.0.202007081208/tools/bin/../lib/gcc/arm-none-eabi/7.3.1/../../../../arm-none-eabi/lib/thumb/v7e-m/fpv4-sp/hard\libm.a(lib_a-w_atan2.o)
                0x0000000008003d58                atan2
 .text.pow      0x0000000008003d5c      0x2e0 c:/st/stm32cubeide_1.4.0/stm32cubeide/plugins/com.st.stm32cube.ide.mcu.externaltools.gnu-tools-for-stm32.7-2018-q2-update.win32_1.4.0.202007081208/tools/bin/../lib/gcc/arm-none-eabi/7.3.1/../../../../arm-none-eabi/lib/thumb/v7e-m/fpv4-sp/hard\libm.a(lib_a-w_pow.o)
                0x0000000008003d5c                pow
 *fill*         0x000000000800403c        0x4 
 .text.__ieee754_atan2
                0x0000000008004040      0x1bc c:/st/stm32cubeide_1.4.0/stm32cubeide/plugins/com.st.stm32cube.ide.mcu.externaltools.gnu-tools-for-stm32.7-2018-q2-update.win32_1.4.0.202007081208/tools/bin/../lib/gcc/arm-none-eabi/7.3.1/../../../../arm-none-eabi/lib/thumb/v7e-m/fpv4-sp/hard\libm.a(lib_a-e_atan2.o)
                0x0000000008004040                __ieee754_atan2
 *fill*         0x00000000080041fc        0x4 
 .text.__ieee754_pow
                0x0000000008004200      0xa1c c:/st/stm32cubeide_1.4.0/stm32cubeide/plugins/com.st.stm32cube.ide.mcu.externaltools.gnu-tools-for-stm32.7-2018-q2-update.win32_1.4.0.202007081208/tools/bin/../lib/gcc/arm-none-eabi/7.3.1/../../../../arm-none-eabi/lib/thumb/v7e-m/fpv4-sp/hard\libm.a(lib_a-e_pow.o)
                0x0000000008004200                __ieee754_pow
 .text.__ieee754_sqrt
                0x0000000008004c1c      0x160 c:/st/stm32cubeide_1.4.0/stm32cubeide/plugins/com.st.stm32cube.ide.mcu.externaltools.gnu-tools-for-stm32.7-2018-q2-update.win32_1.4.0.202007081208/tools/bin/../lib/gcc/arm-none-eabi/7.3.1/../../../../arm-none-eabi/lib/thumb/v7e-m/fpv4-sp/hard\libm.a(lib_a-e_sqrt.o)
                0x0000000008004c1c                __ieee754_sqrt
 *fill*         0x0000000008004d7c        0x4 
 .text.atan     0x0000000008004d80      0x340 c:/st/stm32cubeide_1.4.0/stm32cubeide/plugins/com.st.stm32cube.ide.mcu.externaltools.gnu-tools-for-stm32.7-2018-q2-update.win32_1.4.0.202007081208/tools/bin/../lib/gcc/arm-none-eabi/7.3.1/../../../../arm-none-eabi/lib/thumb/v7e-m/fpv4-sp/hard\libm.a(lib_a-s_atan.o)
                0x0000000008004d80                atan
 .text.fabs     0x00000000080050c0       0x12 c:/st/stm32cubeide_1.4.0/stm32cubeide/plugins/com.st.stm32cube.ide.mcu.externaltools.gnu-tools-for-stm32.7-2018-q2-update.win32_1.4.0.202007081208/tools/bin/../lib/gcc/arm-none-eabi/7.3.1/../../../../arm-none-eabi/lib/thumb/v7e-m/fpv4-sp/hard\libm.a(lib_a-s_fabs.o)
                0x00000000080050c0                fabs
 .text.finite   0x00000000080050d2       0x10 c:/st/stm32cubeide_1.4.0/stm32cubeide/plugins/com.st.stm32cube.ide.mcu.externaltools.gnu-tools-for-stm32.7-2018-q2-update.win32_1.4.0.202007081208/tools/bin/../lib/gcc/arm-none-eabi/7.3.1/../../../../arm-none-eabi/lib/thumb/v7e-m/fpv4-sp/hard\libm.a(lib_a-s_finite.o)
                0x00000000080050d2                finite
 .text.matherr  0x00000000080050e2        0x4 c:/st/stm32cubeide_1.4.0/stm32cubeide/plugins/com.st.stm32cube.ide.mcu.externaltools.gnu-tools-for-stm32.7-2018-q2-update.win32_1.4.0.202007081208/tools/bin/../lib/gcc/arm-none-eabi/7.3.1/../../../../arm-none-eabi/lib/thumb/v7e-m/fpv4-sp/hard\libm.a(lib_a-s_matherr.o)
                0x00000000080050e2                matherr
 *fill*         0x00000000080050e6        0x2 
 .text.nan      0x00000000080050e8       0x10 c:/st/stm32cubeide_1.4.0/stm32cubeide/plugins/com.st.stm32cube.ide.mcu.externaltools.gnu-tools-for-stm32.7-2018-q2-update.win32_1.4.0.202007081208/tools/bin/../lib/gcc/arm-none-eabi/7.3.1/../../../../arm-none-eabi/lib/thumb/v7e-m/fpv4-sp/hard\libm.a(lib_a-s_nan.o)
                0x00000000080050e8                nan
 .text.rint     0x00000000080050f8      0x108 c:/st/stm32cubeide_1.4.0/stm32cubeide/plugins/com.st.stm32cube.ide.mcu.externaltools.gnu-tools-for-stm32.7-2018-q2-update.win32_1.4.0.202007081208/tools/bin/../lib/gcc/arm-none-eabi/7.3.1/../../../../arm-none-eabi/lib/thumb/v7e-m/fpv4-sp/hard\libm.a(lib_a-s_rint.o)
                0x00000000080050f8                rint
 .text.scalbn   0x0000000008005200       0xec c:/st/stm32cubeide_1.4.0/stm32cubeide/plugins/com.st.stm32cube.ide.mcu.externaltools.gnu-tools-for-stm32.7-2018-q2-update.win32_1.4.0.202007081208/tools/bin/../lib/gcc/arm-none-eabi/7.3.1/../../../../arm-none-eabi/lib/thumb/v7e-m/fpv4-sp/hard\libm.a(lib_a-s_scalbn.o)
                0x0000000008005200                scalbn
 .text.copysign
                0x00000000080052ec       0x1e c:/st/stm32cubeide_1.4.0/stm32cubeide/plugins/com.st.stm32cube.ide.mcu.externaltools.gnu-tools-for-stm32.7-2018-q2-update.win32_1.4.0.202007081208/tools/bin/../lib/gcc/arm-none-eabi/7.3.1/../../../../arm-none-eabi/lib/thumb/v7e-m/fpv4-sp/hard\libm.a(lib_a-s_copysign.o)
                0x00000000080052ec                copysign
 *(.glue_7)
 .glue_7        0x000000000800530a        0x0 linker stubs
 *(.glue_7t)
 .glue_7t       0x000000000800530a        0x0 linker stubs
 *(.eh_frame)
 *fill*         0x000000000800530a        0x2 
 .eh_frame      0x000000000800530c        0x0 c:/st/stm32cubeide_1.4.0/stm32cubeide/plugins/com.st.stm32cube.ide.mcu.externaltools.gnu-tools-for-stm32.7-2018-q2-update.win32_1.4.0.202007081208/tools/bin/../lib/gcc/arm-none-eabi/7.3.1/thumb/v7e-m/fpv4-sp/hard/crtbegin.o
 *(.init)
 .init          0x000000000800530c        0x4 c:/st/stm32cubeide_1.4.0/stm32cubeide/plugins/com.st.stm32cube.ide.mcu.externaltools.gnu-tools-for-stm32.7-2018-q2-update.win32_1.4.0.202007081208/tools/bin/../lib/gcc/arm-none-eabi/7.3.1/thumb/v7e-m/fpv4-sp/hard/crti.o
                0x000000000800530c                _init
 .init          0x0000000008005310        0x8 c:/st/stm32cubeide_1.4.0/stm32cubeide/plugins/com.st.stm32cube.ide.mcu.externaltools.gnu-tools-for-stm32.7-2018-q2-update.win32_1.4.0.202007081208/tools/bin/../lib/gcc/arm-none-eabi/7.3.1/thumb/v7e-m/fpv4-sp/hard/crtn.o
 *(.fini)
 .fini          0x0000000008005318        0x4 c:/st/stm32cubeide_1.4.0/stm32cubeide/plugins/com.st.stm32cube.ide.mcu.externaltools.gnu-tools-for-stm32.7-2018-q2-update.win32_1.4.0.202007081208/tools/bin/../lib/gcc/arm-none-eabi/7.3.1/thumb/v7e-m/fpv4-sp/hard/crti.o
                0x0000000008005318                _fini
 .fini          0x000000000800531c        0x8 c:/st/stm32cubeide_1.4.0/stm32cubeide/plugins/com.st.stm32cube.ide.mcu.externaltools.gnu-tools-for-stm32.7-2018-q2-update.win32_1.4.0.202007081208/tools/bin/../lib/gcc/arm-none-eabi/7.3.1/thumb/v7e-m/fpv4-sp/hard/crtn.o
                0x0000000008005324                . = ALIGN (0x4)
                0x0000000008005324                _etext = .

.vfp11_veneer   0x0000000008005324        0x0
 .vfp11_veneer  0x0000000008005324        0x0 linker stubs

.v4_bx          0x0000000008005324        0x0
 .v4_bx         0x0000000008005324        0x0 linker stubs

.iplt           0x0000000008005324        0x0
 .iplt          0x0000000008005324        0x0 c:/st/stm32cubeide_1.4.0/stm32cubeide/plugins/com.st.stm32cube.ide.mcu.externaltools.gnu-tools-for-stm32.7-2018-q2-update.win32_1.4.0.202007081208/tools/bin/../lib/gcc/arm-none-eabi/7.3.1/thumb/v7e-m/fpv4-sp/hard/crtbegin.o

.rodata         0x0000000008005328       0xa0
                0x0000000008005328                . = ALIGN (0x4)
 *(.rodata)
 *(.rodata*)
 .rodata.OFFSET_TAB_CCMRx
                0x0000000008005328        0x9 Src/tim.o
 *fill*         0x0000000008005331        0x3 
 .rodata.SHIFT_TAB_OCxx
                0x0000000008005334        0x9 Src/tim.o
 .rodata.pow.str1.1
                0x000000000800533d        0x4 c:/st/stm32cubeide_1.4.0/stm32cubeide/plugins/com.st.stm32cube.ide.mcu.externaltools.gnu-tools-for-stm32.7-2018-q2-update.win32_1.4.0.202007081208/tools/bin/../lib/gcc/arm-none-eabi/7.3.1/../../../../arm-none-eabi/lib/thumb/v7e-m/fpv4-sp/hard\libm.a(lib_a-w_pow.o)
 .rodata.__ieee754_pow.str1.1
                0x0000000008005341        0x4 c:/st/stm32cubeide_1.4.0/stm32cubeide/plugins/com.st.stm32cube.ide.mcu.externaltools.gnu-tools-for-stm32.7-2018-q2-update.win32_1.4.0.202007081208/tools/bin/../lib/gcc/arm-none-eabi/7.3.1/../../../../arm-none-eabi/lib/thumb/v7e-m/fpv4-sp/hard\libm.a(lib_a-e_pow.o)
                                          0x1 (size before relaxing)
 *fill*         0x0000000008005341        0x7 
 .rodata.bp     0x0000000008005348       0x10 c:/st/stm32cubeide_1.4.0/stm32cubeide/plugins/com.st.stm32cube.ide.mcu.externaltools.gnu-tools-for-stm32.7-2018-q2-update.win32_1.4.0.202007081208/tools/bin/../lib/gcc/arm-none-eabi/7.3.1/../../../../arm-none-eabi/lib/thumb/v7e-m/fpv4-sp/hard\libm.a(lib_a-e_pow.o)
 .rodata.dp_h   0x0000000008005358       0x10 c:/st/stm32cubeide_1.4.0/stm32cubeide/plugins/com.st.stm32cube.ide.mcu.externaltools.gnu-tools-for-stm32.7-2018-q2-update.win32_1.4.0.202007081208/tools/bin/../lib/gcc/arm-none-eabi/7.3.1/../../../../arm-none-eabi/lib/thumb/v7e-m/fpv4-sp/hard\libm.a(lib_a-e_pow.o)
 .rodata.dp_l   0x0000000008005368       0x10 c:/st/stm32cubeide_1.4.0/stm32cubeide/plugins/com.st.stm32cube.ide.mcu.externaltools.gnu-tools-for-stm32.7-2018-q2-update.win32_1.4.0.202007081208/tools/bin/../lib/gcc/arm-none-eabi/7.3.1/../../../../arm-none-eabi/lib/thumb/v7e-m/fpv4-sp/hard\libm.a(lib_a-e_pow.o)
 .rodata.atanhi
                0x0000000008005378       0x20 c:/st/stm32cubeide_1.4.0/stm32cubeide/plugins/com.st.stm32cube.ide.mcu.externaltools.gnu-tools-for-stm32.7-2018-q2-update.win32_1.4.0.202007081208/tools/bin/../lib/gcc/arm-none-eabi/7.3.1/../../../../arm-none-eabi/lib/thumb/v7e-m/fpv4-sp/hard\libm.a(lib_a-s_atan.o)
 .rodata.atanlo
                0x0000000008005398       0x20 c:/st/stm32cubeide_1.4.0/stm32cubeide/plugins/com.st.stm32cube.ide.mcu.externaltools.gnu-tools-for-stm32.7-2018-q2-update.win32_1.4.0.202007081208/tools/bin/../lib/gcc/arm-none-eabi/7.3.1/../../../../arm-none-eabi/lib/thumb/v7e-m/fpv4-sp/hard\libm.a(lib_a-s_atan.o)
 .rodata.TWO52  0x00000000080053b8       0x10 c:/st/stm32cubeide_1.4.0/stm32cubeide/plugins/com.st.stm32cube.ide.mcu.externaltools.gnu-tools-for-stm32.7-2018-q2-update.win32_1.4.0.202007081208/tools/bin/../lib/gcc/arm-none-eabi/7.3.1/../../../../arm-none-eabi/lib/thumb/v7e-m/fpv4-sp/hard\libm.a(lib_a-s_rint.o)
                0x00000000080053c8                . = ALIGN (0x4)

.rel.dyn        0x00000000080053c8        0x0
 .rel.iplt      0x00000000080053c8        0x0 c:/st/stm32cubeide_1.4.0/stm32cubeide/plugins/com.st.stm32cube.ide.mcu.externaltools.gnu-tools-for-stm32.7-2018-q2-update.win32_1.4.0.202007081208/tools/bin/../lib/gcc/arm-none-eabi/7.3.1/thumb/v7e-m/fpv4-sp/hard/crtbegin.o

.ARM.extab      0x00000000080053c8        0x0
                0x00000000080053c8                . = ALIGN (0x4)
 *(.ARM.extab* .gnu.linkonce.armextab.*)
                0x00000000080053c8                . = ALIGN (0x4)

.ARM            0x00000000080053c8        0x0
                0x00000000080053c8                . = ALIGN (0x4)
                0x00000000080053c8                __exidx_start = .
 *(.ARM.exidx*)
                0x00000000080053c8                __exidx_end = .
                0x00000000080053c8                . = ALIGN (0x4)

.preinit_array  0x00000000080053c8        0x0
                0x00000000080053c8                . = ALIGN (0x4)
                0x00000000080053c8                PROVIDE (__preinit_array_start = .)
 *(.preinit_array*)
                0x00000000080053c8                PROVIDE (__preinit_array_end = .)
                0x00000000080053c8                . = ALIGN (0x4)

.init_array     0x00000000080053c8        0x4
                0x00000000080053c8                . = ALIGN (0x4)
                0x00000000080053c8                PROVIDE (__init_array_start = .)
 *(SORT_BY_NAME(.init_array.*))
 *(.init_array*)
 .init_array    0x00000000080053c8        0x4 c:/st/stm32cubeide_1.4.0/stm32cubeide/plugins/com.st.stm32cube.ide.mcu.externaltools.gnu-tools-for-stm32.7-2018-q2-update.win32_1.4.0.202007081208/tools/bin/../lib/gcc/arm-none-eabi/7.3.1/thumb/v7e-m/fpv4-sp/hard/crtbegin.o
                0x00000000080053cc                PROVIDE (__init_array_end = .)
                0x00000000080053cc                . = ALIGN (0x4)

.fini_array     0x00000000080053cc        0x4
                0x00000000080053cc                . = ALIGN (0x4)
                [!provide]                        PROVIDE (__fini_array_start = .)
 *(SORT_BY_NAME(.fini_array.*))
 *(.fini_array*)
 .fini_array    0x00000000080053cc        0x4 c:/st/stm32cubeide_1.4.0/stm32cubeide/plugins/com.st.stm32cube.ide.mcu.externaltools.gnu-tools-for-stm32.7-2018-q2-update.win32_1.4.0.202007081208/tools/bin/../lib/gcc/arm-none-eabi/7.3.1/thumb/v7e-m/fpv4-sp/hard/crtbegin.o
                [!provide]                        PROVIDE (__fini_array_end = .)
                0x00000000080053d0                . = ALIGN (0x4)
                0x00000000080053d0                _sidata = LOADADDR (.data)

.data           0x0000000020000000       0x70 load address 0x00000000080053d0
                0x0000000020000000                . = ALIGN (0x4)
                0x0000000020000000                _sdata = .
 *(.data)
 *(.data*)
 .data.SystemCoreClock
                0x0000000020000000        0x4 Src/system_stm32f3xx.o
                0x0000000020000000                SystemCoreClock
 .data.addres   0x0000000020000004        0x1 accelerometer/lsm6ds0.o
                0x0000000020000004                addres
 .data.sLIS3MDLI2Caddress
                0x0000000020000005        0x1 compass/lis3mdltr.o
 *fill*         0x0000000020000006        0x2 
 .data._impure_ptr
                0x0000000020000008        0x4 c:/st/stm32cubeide_1.4.0/stm32cubeide/plugins/com.st.stm32cube.ide.mcu.externaltools.gnu-tools-for-stm32.7-2018-q2-update.win32_1.4.0.202007081208/tools/bin/../lib/gcc/arm-none-eabi/7.3.1/../../../../arm-none-eabi/lib/thumb/v7e-m/fpv4-sp/hard\libc_nano.a(lib_a-impure.o)
                0x0000000020000008                _impure_ptr
 .data.impure_data
                0x000000002000000c       0x60 c:/st/stm32cubeide_1.4.0/stm32cubeide/plugins/com.st.stm32cube.ide.mcu.externaltools.gnu-tools-for-stm32.7-2018-q2-update.win32_1.4.0.202007081208/tools/bin/../lib/gcc/arm-none-eabi/7.3.1/../../../../arm-none-eabi/lib/thumb/v7e-m/fpv4-sp/hard\libc_nano.a(lib_a-impure.o)
 .data.__fdlib_version
                0x000000002000006c        0x1 c:/st/stm32cubeide_1.4.0/stm32cubeide/plugins/com.st.stm32cube.ide.mcu.externaltools.gnu-tools-for-stm32.7-2018-q2-update.win32_1.4.0.202007081208/tools/bin/../lib/gcc/arm-none-eabi/7.3.1/../../../../arm-none-eabi/lib/thumb/v7e-m/fpv4-sp/hard\libm.a(lib_a-s_lib_ver.o)
                0x000000002000006c                __fdlib_version
                0x0000000020000070                . = ALIGN (0x4)
 *fill*         0x000000002000006d        0x3 
                0x0000000020000070                _edata = .

.igot.plt       0x0000000020000070        0x0 load address 0x0000000008005440
 .igot.plt      0x0000000020000070        0x0 c:/st/stm32cubeide_1.4.0/stm32cubeide/plugins/com.st.stm32cube.ide.mcu.externaltools.gnu-tools-for-stm32.7-2018-q2-update.win32_1.4.0.202007081208/tools/bin/../lib/gcc/arm-none-eabi/7.3.1/thumb/v7e-m/fpv4-sp/hard/crtbegin.o
                0x0000000020000070                . = ALIGN (0x4)

.bss            0x0000000020000070       0x5c load address 0x0000000008005440
                0x0000000020000070                _sbss = .
                0x0000000020000070                __bss_start__ = _sbss
 *(.bss)
 .bss           0x0000000020000070       0x1c c:/st/stm32cubeide_1.4.0/stm32cubeide/plugins/com.st.stm32cube.ide.mcu.externaltools.gnu-tools-for-stm32.7-2018-q2-update.win32_1.4.0.202007081208/tools/bin/../lib/gcc/arm-none-eabi/7.3.1/thumb/v7e-m/fpv4-sp/hard/crtbegin.o
 *(.bss*)
 .bss.dDisplayData
                0x000000002000008c        0x7 Src/display.o
                0x000000002000008c                dDisplayData
 .bss.end_of_read_flag
                0x0000000020000093        0x1 Src/i2c.o
                0x0000000020000093                end_of_read_flag
 .bss.ubReceiveIndex
                0x0000000020000094        0x1 Src/i2c.o
                0x0000000020000094                ubReceiveIndex
 *fill*         0x0000000020000095        0x3 
 .bss.tlak      0x0000000020000098        0x4 Src/main.o
                0x0000000020000098                tlak
 .bss.teplota   0x000000002000009c        0x4 Src/main.o
                0x000000002000009c                teplota
 .bss.vlhkost   0x00000000200000a0        0x1 Src/main.o
                0x00000000200000a0                vlhkost
 *(COMMON)
 *fill*         0x00000000200000a1        0x3 
 COMMON         0x00000000200000a4        0x4 Src/i2c.o
                0x00000000200000a4                aReceiveBuffer_read
 COMMON         0x00000000200000a8       0x24 Src/main.o
                0x00000000200000a8                acc
                0x00000000200000b4                nadmorska
                0x00000000200000b8                azi
                0x00000000200000bc                r
                0x00000000200000c0                mag
                0x00000000200000cc                . = ALIGN (0x4)
                0x00000000200000cc                _ebss = .
                0x00000000200000cc                __bss_end__ = _ebss

._user_heap_stack
                0x00000000200000cc      0x604 load address 0x0000000008005440
                0x00000000200000d0                . = ALIGN (0x8)
 *fill*         0x00000000200000cc        0x4 
                0x00000000200000d0                PROVIDE (end = .)
                [!provide]                        PROVIDE (_end = .)
                0x00000000200002d0                . = (. + _Min_Heap_Size)
 *fill*         0x00000000200000d0      0x200 
                0x00000000200006d0                . = (. + _Min_Stack_Size)
 *fill*         0x00000000200002d0      0x400 
                0x00000000200006d0                . = ALIGN (0x8)

/DISCARD/
 libc.a(*)
 libm.a(*)
 libgcc.a(*)

.ARM.attributes
                0x0000000000000000       0x30
 *(.ARM.attributes)
 .ARM.attributes
                0x0000000000000000       0x22 c:/st/stm32cubeide_1.4.0/stm32cubeide/plugins/com.st.stm32cube.ide.mcu.externaltools.gnu-tools-for-stm32.7-2018-q2-update.win32_1.4.0.202007081208/tools/bin/../lib/gcc/arm-none-eabi/7.3.1/thumb/v7e-m/fpv4-sp/hard/crti.o
 .ARM.attributes
                0x0000000000000022       0x34 c:/st/stm32cubeide_1.4.0/stm32cubeide/plugins/com.st.stm32cube.ide.mcu.externaltools.gnu-tools-for-stm32.7-2018-q2-update.win32_1.4.0.202007081208/tools/bin/../lib/gcc/arm-none-eabi/7.3.1/thumb/v7e-m/fpv4-sp/hard/crtbegin.o
 .ARM.attributes
                0x0000000000000056       0x39 Drivers/STM32F3xx_HAL_Driver/Src/stm32f3xx_ll_gpio.o
 .ARM.attributes
                0x000000000000008f       0x39 Drivers/STM32F3xx_HAL_Driver/Src/stm32f3xx_ll_i2c.o
 .ARM.attributes
                0x00000000000000c8       0x39 Drivers/STM32F3xx_HAL_Driver/Src/stm32f3xx_ll_tim.o
 .ARM.attributes
                0x0000000000000101       0x39 Drivers/STM32F3xx_HAL_Driver/Src/stm32f3xx_ll_utils.o
 .ARM.attributes
                0x000000000000013a       0x39 Src/display.o
 .ARM.attributes
                0x0000000000000173       0x39 Src/gpio.o
 .ARM.attributes
                0x00000000000001ac       0x39 Src/i2c.o
 .ARM.attributes
                0x00000000000001e5       0x39 Src/main.o
 .ARM.attributes
                0x000000000000021e       0x39 Src/stm32f3xx_it.o
 .ARM.attributes
                0x0000000000000257       0x39 Src/system_stm32f3xx.o
 .ARM.attributes
                0x0000000000000290       0x39 Src/tim.o
 .ARM.attributes
                0x00000000000002c9       0x21 Startup/startup_stm32f303k8tx.o
 .ARM.attributes
                0x00000000000002ea       0x39 accelerometer/lsm6ds0.o
 .ARM.attributes
                0x0000000000000323       0x39 compass/lis3mdltr.o
 .ARM.attributes
                0x000000000000035c       0x39 hts221/hts221.o
 .ARM.attributes
                0x0000000000000395       0x39 lps25hb/lps25hb.o
 .ARM.attributes
                0x00000000000003ce       0x34 c:/st/stm32cubeide_1.4.0/stm32cubeide/plugins/com.st.stm32cube.ide.mcu.externaltools.gnu-tools-for-stm32.7-2018-q2-update.win32_1.4.0.202007081208/tools/bin/../lib/gcc/arm-none-eabi/7.3.1/../../../../arm-none-eabi/lib/thumb/v7e-m/fpv4-sp/hard\libc_nano.a(lib_a-errno.o)
 .ARM.attributes
                0x0000000000000402       0x34 c:/st/stm32cubeide_1.4.0/stm32cubeide/plugins/com.st.stm32cube.ide.mcu.externaltools.gnu-tools-for-stm32.7-2018-q2-update.win32_1.4.0.202007081208/tools/bin/../lib/gcc/arm-none-eabi/7.3.1/../../../../arm-none-eabi/lib/thumb/v7e-m/fpv4-sp/hard\libc_nano.a(lib_a-impure.o)
 .ARM.attributes
                0x0000000000000436       0x34 c:/st/stm32cubeide_1.4.0/stm32cubeide/plugins/com.st.stm32cube.ide.mcu.externaltools.gnu-tools-for-stm32.7-2018-q2-update.win32_1.4.0.202007081208/tools/bin/../lib/gcc/arm-none-eabi/7.3.1/../../../../arm-none-eabi/lib/thumb/v7e-m/fpv4-sp/hard\libc_nano.a(lib_a-init.o)
 .ARM.attributes
                0x000000000000046a       0x34 c:/st/stm32cubeide_1.4.0/stm32cubeide/plugins/com.st.stm32cube.ide.mcu.externaltools.gnu-tools-for-stm32.7-2018-q2-update.win32_1.4.0.202007081208/tools/bin/../lib/gcc/arm-none-eabi/7.3.1/../../../../arm-none-eabi/lib/thumb/v7e-m/fpv4-sp/hard\libc_nano.a(lib_a-memset.o)
 .ARM.attributes
                0x000000000000049e       0x34 c:/st/stm32cubeide_1.4.0/stm32cubeide/plugins/com.st.stm32cube.ide.mcu.externaltools.gnu-tools-for-stm32.7-2018-q2-update.win32_1.4.0.202007081208/tools/bin/../lib/gcc/arm-none-eabi/7.3.1/../../../../arm-none-eabi/lib/thumb/v7e-m/fpv4-sp/hard\libm.a(lib_a-w_atan2.o)
 .ARM.attributes
                0x00000000000004d2       0x34 c:/st/stm32cubeide_1.4.0/stm32cubeide/plugins/com.st.stm32cube.ide.mcu.externaltools.gnu-tools-for-stm32.7-2018-q2-update.win32_1.4.0.202007081208/tools/bin/../lib/gcc/arm-none-eabi/7.3.1/../../../../arm-none-eabi/lib/thumb/v7e-m/fpv4-sp/hard\libm.a(lib_a-w_pow.o)
 .ARM.attributes
                0x0000000000000506       0x34 c:/st/stm32cubeide_1.4.0/stm32cubeide/plugins/com.st.stm32cube.ide.mcu.externaltools.gnu-tools-for-stm32.7-2018-q2-update.win32_1.4.0.202007081208/tools/bin/../lib/gcc/arm-none-eabi/7.3.1/../../../../arm-none-eabi/lib/thumb/v7e-m/fpv4-sp/hard\libm.a(lib_a-e_atan2.o)
 .ARM.attributes
                0x000000000000053a       0x34 c:/st/stm32cubeide_1.4.0/stm32cubeide/plugins/com.st.stm32cube.ide.mcu.externaltools.gnu-tools-for-stm32.7-2018-q2-update.win32_1.4.0.202007081208/tools/bin/../lib/gcc/arm-none-eabi/7.3.1/../../../../arm-none-eabi/lib/thumb/v7e-m/fpv4-sp/hard\libm.a(lib_a-e_pow.o)
 .ARM.attributes
                0x000000000000056e       0x34 c:/st/stm32cubeide_1.4.0/stm32cubeide/plugins/com.st.stm32cube.ide.mcu.externaltools.gnu-tools-for-stm32.7-2018-q2-update.win32_1.4.0.202007081208/tools/bin/../lib/gcc/arm-none-eabi/7.3.1/../../../../arm-none-eabi/lib/thumb/v7e-m/fpv4-sp/hard\libm.a(lib_a-e_sqrt.o)
 .ARM.attributes
                0x00000000000005a2       0x34 c:/st/stm32cubeide_1.4.0/stm32cubeide/plugins/com.st.stm32cube.ide.mcu.externaltools.gnu-tools-for-stm32.7-2018-q2-update.win32_1.4.0.202007081208/tools/bin/../lib/gcc/arm-none-eabi/7.3.1/../../../../arm-none-eabi/lib/thumb/v7e-m/fpv4-sp/hard\libm.a(lib_a-s_atan.o)
 .ARM.attributes
                0x00000000000005d6       0x34 c:/st/stm32cubeide_1.4.0/stm32cubeide/plugins/com.st.stm32cube.ide.mcu.externaltools.gnu-tools-for-stm32.7-2018-q2-update.win32_1.4.0.202007081208/tools/bin/../lib/gcc/arm-none-eabi/7.3.1/../../../../arm-none-eabi/lib/thumb/v7e-m/fpv4-sp/hard\libm.a(lib_a-s_fabs.o)
 .ARM.attributes
                0x000000000000060a       0x34 c:/st/stm32cubeide_1.4.0/stm32cubeide/plugins/com.st.stm32cube.ide.mcu.externaltools.gnu-tools-for-stm32.7-2018-q2-update.win32_1.4.0.202007081208/tools/bin/../lib/gcc/arm-none-eabi/7.3.1/../../../../arm-none-eabi/lib/thumb/v7e-m/fpv4-sp/hard\libm.a(lib_a-s_finite.o)
 .ARM.attributes
                0x000000000000063e       0x34 c:/st/stm32cubeide_1.4.0/stm32cubeide/plugins/com.st.stm32cube.ide.mcu.externaltools.gnu-tools-for-stm32.7-2018-q2-update.win32_1.4.0.202007081208/tools/bin/../lib/gcc/arm-none-eabi/7.3.1/../../../../arm-none-eabi/lib/thumb/v7e-m/fpv4-sp/hard\libm.a(lib_a-s_lib_ver.o)
 .ARM.attributes
                0x0000000000000672       0x34 c:/st/stm32cubeide_1.4.0/stm32cubeide/plugins/com.st.stm32cube.ide.mcu.externaltools.gnu-tools-for-stm32.7-2018-q2-update.win32_1.4.0.202007081208/tools/bin/../lib/gcc/arm-none-eabi/7.3.1/../../../../arm-none-eabi/lib/thumb/v7e-m/fpv4-sp/hard\libm.a(lib_a-s_matherr.o)
 .ARM.attributes
                0x00000000000006a6       0x34 c:/st/stm32cubeide_1.4.0/stm32cubeide/plugins/com.st.stm32cube.ide.mcu.externaltools.gnu-tools-for-stm32.7-2018-q2-update.win32_1.4.0.202007081208/tools/bin/../lib/gcc/arm-none-eabi/7.3.1/../../../../arm-none-eabi/lib/thumb/v7e-m/fpv4-sp/hard\libm.a(lib_a-s_nan.o)
 .ARM.attributes
                0x00000000000006da       0x34 c:/st/stm32cubeide_1.4.0/stm32cubeide/plugins/com.st.stm32cube.ide.mcu.externaltools.gnu-tools-for-stm32.7-2018-q2-update.win32_1.4.0.202007081208/tools/bin/../lib/gcc/arm-none-eabi/7.3.1/../../../../arm-none-eabi/lib/thumb/v7e-m/fpv4-sp/hard\libm.a(lib_a-s_rint.o)
 .ARM.attributes
                0x000000000000070e       0x34 c:/st/stm32cubeide_1.4.0/stm32cubeide/plugins/com.st.stm32cube.ide.mcu.externaltools.gnu-tools-for-stm32.7-2018-q2-update.win32_1.4.0.202007081208/tools/bin/../lib/gcc/arm-none-eabi/7.3.1/../../../../arm-none-eabi/lib/thumb/v7e-m/fpv4-sp/hard\libm.a(lib_a-s_scalbn.o)
 .ARM.attributes
                0x0000000000000742       0x34 c:/st/stm32cubeide_1.4.0/stm32cubeide/plugins/com.st.stm32cube.ide.mcu.externaltools.gnu-tools-for-stm32.7-2018-q2-update.win32_1.4.0.202007081208/tools/bin/../lib/gcc/arm-none-eabi/7.3.1/../../../../arm-none-eabi/lib/thumb/v7e-m/fpv4-sp/hard\libm.a(lib_a-s_copysign.o)
 .ARM.attributes
                0x0000000000000776       0x22 c:/st/stm32cubeide_1.4.0/stm32cubeide/plugins/com.st.stm32cube.ide.mcu.externaltools.gnu-tools-for-stm32.7-2018-q2-update.win32_1.4.0.202007081208/tools/bin/../lib/gcc/arm-none-eabi/7.3.1/thumb/v7e-m/fpv4-sp/hard\libgcc.a(_arm_addsubdf3.o)
 .ARM.attributes
                0x0000000000000798       0x22 c:/st/stm32cubeide_1.4.0/stm32cubeide/plugins/com.st.stm32cube.ide.mcu.externaltools.gnu-tools-for-stm32.7-2018-q2-update.win32_1.4.0.202007081208/tools/bin/../lib/gcc/arm-none-eabi/7.3.1/thumb/v7e-m/fpv4-sp/hard\libgcc.a(_arm_muldivdf3.o)
 .ARM.attributes
                0x00000000000007ba       0x22 c:/st/stm32cubeide_1.4.0/stm32cubeide/plugins/com.st.stm32cube.ide.mcu.externaltools.gnu-tools-for-stm32.7-2018-q2-update.win32_1.4.0.202007081208/tools/bin/../lib/gcc/arm-none-eabi/7.3.1/thumb/v7e-m/fpv4-sp/hard\libgcc.a(_arm_cmpdf2.o)
 .ARM.attributes
                0x00000000000007dc       0x22 c:/st/stm32cubeide_1.4.0/stm32cubeide/plugins/com.st.stm32cube.ide.mcu.externaltools.gnu-tools-for-stm32.7-2018-q2-update.win32_1.4.0.202007081208/tools/bin/../lib/gcc/arm-none-eabi/7.3.1/thumb/v7e-m/fpv4-sp/hard\libgcc.a(_arm_unorddf2.o)
 .ARM.attributes
                0x00000000000007fe       0x22 c:/st/stm32cubeide_1.4.0/stm32cubeide/plugins/com.st.stm32cube.ide.mcu.externaltools.gnu-tools-for-stm32.7-2018-q2-update.win32_1.4.0.202007081208/tools/bin/../lib/gcc/arm-none-eabi/7.3.1/thumb/v7e-m/fpv4-sp/hard\libgcc.a(_arm_truncdfsf2.o)
 .ARM.attributes
                0x0000000000000820       0x22 c:/st/stm32cubeide_1.4.0/stm32cubeide/plugins/com.st.stm32cube.ide.mcu.externaltools.gnu-tools-for-stm32.7-2018-q2-update.win32_1.4.0.202007081208/tools/bin/../lib/gcc/arm-none-eabi/7.3.1/thumb/v7e-m/fpv4-sp/hard/crtn.o
OUTPUT(i2c_comm.elf elf32-littlearm)

.debug_info     0x0000000000000000     0x794b
 .debug_info    0x0000000000000000      0x7e2 Drivers/STM32F3xx_HAL_Driver/Src/stm32f3xx_ll_gpio.o
 .debug_info    0x00000000000007e2      0x5ab Drivers/STM32F3xx_HAL_Driver/Src/stm32f3xx_ll_i2c.o
 .debug_info    0x0000000000000d8d      0xf9f Drivers/STM32F3xx_HAL_Driver/Src/stm32f3xx_ll_tim.o
 .debug_info    0x0000000000001d2c      0x818 Drivers/STM32F3xx_HAL_Driver/Src/stm32f3xx_ll_utils.o
 .debug_info    0x0000000000002544     0x1071 Src/display.o
 .debug_info    0x00000000000035b5      0x3ff Src/gpio.o
 .debug_info    0x00000000000039b4      0xdd6 Src/i2c.o
 .debug_info    0x000000000000478a     0x10d2 Src/main.o
 .debug_info    0x000000000000585c      0x23c Src/stm32f3xx_it.o
 .debug_info    0x0000000000005a98      0x400 Src/system_stm32f3xx.o
 .debug_info    0x0000000000005e98      0xb5c Src/tim.o
 .debug_info    0x00000000000069f4       0x22 Startup/startup_stm32f303k8tx.o
 .debug_info    0x0000000000006a16      0x3b6 accelerometer/lsm6ds0.o
 .debug_info    0x0000000000006dcc      0x491 compass/lis3mdltr.o
 .debug_info    0x000000000000725d      0x412 hts221/hts221.o
 .debug_info    0x000000000000766f      0x2dc lps25hb/lps25hb.o

.debug_abbrev   0x0000000000000000     0x1921
 .debug_abbrev  0x0000000000000000      0x212 Drivers/STM32F3xx_HAL_Driver/Src/stm32f3xx_ll_gpio.o
 .debug_abbrev  0x0000000000000212      0x184 Drivers/STM32F3xx_HAL_Driver/Src/stm32f3xx_ll_i2c.o
 .debug_abbrev  0x0000000000000396      0x1ff Drivers/STM32F3xx_HAL_Driver/Src/stm32f3xx_ll_tim.o
 .debug_abbrev  0x0000000000000595      0x266 Drivers/STM32F3xx_HAL_Driver/Src/stm32f3xx_ll_utils.o
 .debug_abbrev  0x00000000000007fb      0x272 Src/display.o
 .debug_abbrev  0x0000000000000a6d      0x15d Src/gpio.o
 .debug_abbrev  0x0000000000000bca      0x224 Src/i2c.o
 .debug_abbrev  0x0000000000000dee      0x2c4 Src/main.o
 .debug_abbrev  0x00000000000010b2       0xa3 Src/stm32f3xx_it.o
 .debug_abbrev  0x0000000000001155      0x111 Src/system_stm32f3xx.o
 .debug_abbrev  0x0000000000001266      0x1c1 Src/tim.o
 .debug_abbrev  0x0000000000001427       0x12 Startup/startup_stm32f303k8tx.o
 .debug_abbrev  0x0000000000001439      0x13c accelerometer/lsm6ds0.o
 .debug_abbrev  0x0000000000001575      0x156 compass/lis3mdltr.o
 .debug_abbrev  0x00000000000016cb      0x12b hts221/hts221.o
 .debug_abbrev  0x00000000000017f6      0x12b lps25hb/lps25hb.o

.debug_aranges  0x0000000000000000      0x8d8
 .debug_aranges
                0x0000000000000000       0x70 Drivers/STM32F3xx_HAL_Driver/Src/stm32f3xx_ll_gpio.o
 .debug_aranges
                0x0000000000000070       0x88 Drivers/STM32F3xx_HAL_Driver/Src/stm32f3xx_ll_i2c.o
 .debug_aranges
                0x00000000000000f8      0x148 Drivers/STM32F3xx_HAL_Driver/Src/stm32f3xx_ll_tim.o
 .debug_aranges
                0x0000000000000240       0xf0 Drivers/STM32F3xx_HAL_Driver/Src/stm32f3xx_ll_utils.o
 .debug_aranges
                0x0000000000000330      0x198 Src/display.o
 .debug_aranges
                0x00000000000004c8       0x30 Src/gpio.o
 .debug_aranges
                0x00000000000004f8       0xe0 Src/i2c.o
 .debug_aranges
                0x00000000000005d8       0xb0 Src/main.o
 .debug_aranges
                0x0000000000000688       0x60 Src/stm32f3xx_it.o
 .debug_aranges
                0x00000000000006e8       0x28 Src/system_stm32f3xx.o
 .debug_aranges
                0x0000000000000710       0x80 Src/tim.o
 .debug_aranges
                0x0000000000000790       0x28 Startup/startup_stm32f303k8tx.o
 .debug_aranges
                0x00000000000007b8       0x48 accelerometer/lsm6ds0.o
 .debug_aranges
                0x0000000000000800       0x50 compass/lis3mdltr.o
 .debug_aranges
                0x0000000000000850       0x48 hts221/hts221.o
 .debug_aranges
                0x0000000000000898       0x40 lps25hb/lps25hb.o

.debug_ranges   0x0000000000000000      0x7e0
 .debug_ranges  0x0000000000000000       0x60 Drivers/STM32F3xx_HAL_Driver/Src/stm32f3xx_ll_gpio.o
 .debug_ranges  0x0000000000000060       0x78 Drivers/STM32F3xx_HAL_Driver/Src/stm32f3xx_ll_i2c.o
 .debug_ranges  0x00000000000000d8      0x138 Drivers/STM32F3xx_HAL_Driver/Src/stm32f3xx_ll_tim.o
 .debug_ranges  0x0000000000000210       0xe0 Drivers/STM32F3xx_HAL_Driver/Src/stm32f3xx_ll_utils.o
 .debug_ranges  0x00000000000002f0      0x188 Src/display.o
 .debug_ranges  0x0000000000000478       0x20 Src/gpio.o
 .debug_ranges  0x0000000000000498       0xd0 Src/i2c.o
 .debug_ranges  0x0000000000000568       0xa0 Src/main.o
 .debug_ranges  0x0000000000000608       0x50 Src/stm32f3xx_it.o
 .debug_ranges  0x0000000000000658       0x18 Src/system_stm32f3xx.o
 .debug_ranges  0x0000000000000670       0x70 Src/tim.o
 .debug_ranges  0x00000000000006e0       0x20 Startup/startup_stm32f303k8tx.o
 .debug_ranges  0x0000000000000700       0x38 accelerometer/lsm6ds0.o
 .debug_ranges  0x0000000000000738       0x40 compass/lis3mdltr.o
 .debug_ranges  0x0000000000000778       0x38 hts221/hts221.o
 .debug_ranges  0x00000000000007b0       0x30 lps25hb/lps25hb.o

.debug_macro    0x0000000000000000     0x4e19
 .debug_macro   0x0000000000000000      0x10c Drivers/STM32F3xx_HAL_Driver/Src/stm32f3xx_ll_gpio.o
 .debug_macro   0x000000000000010c      0x149 Drivers/STM32F3xx_HAL_Driver/Src/stm32f3xx_ll_gpio.o
 .debug_macro   0x0000000000000255      0x10c Drivers/STM32F3xx_HAL_Driver/Src/stm32f3xx_ll_i2c.o
 .debug_macro   0x0000000000000361      0x249 Drivers/STM32F3xx_HAL_Driver/Src/stm32f3xx_ll_i2c.o
 .debug_macro   0x00000000000005aa      0x179 Drivers/STM32F3xx_HAL_Driver/Src/stm32f3xx_ll_tim.o
 .debug_macro   0x0000000000000723      0x800 Drivers/STM32F3xx_HAL_Driver/Src/stm32f3xx_ll_tim.o
 .debug_macro   0x0000000000000f23      0x14a Drivers/STM32F3xx_HAL_Driver/Src/stm32f3xx_ll_utils.o
 .debug_macro   0x000000000000106d       0x30 Drivers/STM32F3xx_HAL_Driver/Src/stm32f3xx_ll_utils.o
 .debug_macro   0x000000000000109d      0x2a5 Drivers/STM32F3xx_HAL_Driver/Src/stm32f3xx_ll_utils.o
 .debug_macro   0x0000000000001342       0xaf Drivers/STM32F3xx_HAL_Driver/Src/stm32f3xx_ll_utils.o
 .debug_macro   0x00000000000013f1      0x2d0 Src/display.o
 .debug_macro   0x00000000000016c1      0x24f Src/display.o
 .debug_macro   0x0000000000001910      0x4bb Src/display.o
 .debug_macro   0x0000000000001dcb      0x102 Src/display.o
 .debug_macro   0x0000000000001ecd       0x28 Src/display.o
 .debug_macro   0x0000000000001ef5      0x287 Src/display.o
 .debug_macro   0x000000000000217c      0x14f Src/display.o
 .debug_macro   0x00000000000022cb      0x806 Src/display.o
 .debug_macro   0x0000000000002ad1       0x22 Src/display.o
 .debug_macro   0x0000000000002af3       0x46 Src/display.o
 .debug_macro   0x0000000000002b39       0x18 Src/display.o
 .debug_macro   0x0000000000002b51       0x3c Src/display.o
 .debug_macro   0x0000000000002b8d       0x34 Src/display.o
 .debug_macro   0x0000000000002bc1       0x16 Src/display.o
 .debug_macro   0x0000000000002bd7       0x97 Src/display.o
 .debug_macro   0x0000000000002c6e      0x330 Src/display.o
 .debug_macro   0x0000000000002f9e       0xfd Src/display.o
 .debug_macro   0x000000000000309b       0x10 Src/display.o
 .debug_macro   0x00000000000030ab       0x52 Src/display.o
 .debug_macro   0x00000000000030fd       0x1f Src/display.o
 .debug_macro   0x000000000000311c       0x43 Src/display.o
 .debug_macro   0x000000000000315f       0x20 Src/display.o
 .debug_macro   0x000000000000317f      0x1a3 Src/display.o
 .debug_macro   0x0000000000003322       0x10 Src/display.o
 .debug_macro   0x0000000000003332       0x1c Src/display.o
 .debug_macro   0x000000000000334e       0x52 Src/display.o
 .debug_macro   0x00000000000033a0       0x40 Src/display.o
 .debug_macro   0x00000000000033e0       0x10 Src/display.o
 .debug_macro   0x00000000000033f0       0x40 Src/display.o
 .debug_macro   0x0000000000003430       0xd7 Src/display.o
 .debug_macro   0x0000000000003507       0x1c Src/display.o
 .debug_macro   0x0000000000003523       0x3d Src/display.o
 .debug_macro   0x0000000000003560       0x16 Src/display.o
 .debug_macro   0x0000000000003576      0x145 Src/display.o
 .debug_macro   0x00000000000036bb       0x16 Src/display.o
 .debug_macro   0x00000000000036d1       0x35 Src/display.o
 .debug_macro   0x0000000000003706       0x20 Src/display.o
 .debug_macro   0x0000000000003726       0x82 Src/display.o
 .debug_macro   0x00000000000037a8      0x146 Src/gpio.o
 .debug_macro   0x00000000000038ee      0x146 Src/i2c.o
 .debug_macro   0x0000000000003a34      0x323 Src/main.o
 .debug_macro   0x0000000000003d57      0x3ad Src/main.o
 .debug_macro   0x0000000000004104       0x3a Src/main.o
 .debug_macro   0x000000000000413e       0x76 Src/main.o
 .debug_macro   0x00000000000041b4       0x46 Src/main.o
 .debug_macro   0x00000000000041fa      0x174 Src/main.o
 .debug_macro   0x000000000000436e      0x1e1 Src/main.o
 .debug_macro   0x000000000000454f       0x1c Src/main.o
 .debug_macro   0x000000000000456b      0x146 Src/stm32f3xx_it.o
 .debug_macro   0x00000000000046b1       0xd0 Src/system_stm32f3xx.o
 .debug_macro   0x0000000000004781      0x146 Src/tim.o
 .debug_macro   0x00000000000048c7      0x153 accelerometer/lsm6ds0.o
 .debug_macro   0x0000000000004a1a      0x159 compass/lis3mdltr.o
 .debug_macro   0x0000000000004b73      0x153 hts221/hts221.o
 .debug_macro   0x0000000000004cc6      0x153 lps25hb/lps25hb.o

.debug_line     0x0000000000000000     0x6bc0
 .debug_line    0x0000000000000000      0x670 Drivers/STM32F3xx_HAL_Driver/Src/stm32f3xx_ll_gpio.o
 .debug_line    0x0000000000000670      0x5d2 Drivers/STM32F3xx_HAL_Driver/Src/stm32f3xx_ll_i2c.o
 .debug_line    0x0000000000000c42      0x97d Drivers/STM32F3xx_HAL_Driver/Src/stm32f3xx_ll_tim.o
 .debug_line    0x00000000000015bf      0x764 Drivers/STM32F3xx_HAL_Driver/Src/stm32f3xx_ll_utils.o
 .debug_line    0x0000000000001d23      0xc73 Src/display.o
 .debug_line    0x0000000000002996      0x5c0 Src/gpio.o
 .debug_line    0x0000000000002f56      0x7dd Src/i2c.o
 .debug_line    0x0000000000003733      0x9fa Src/main.o
 .debug_line    0x000000000000412d      0x62e Src/stm32f3xx_it.o
 .debug_line    0x000000000000475b      0x48a Src/system_stm32f3xx.o
 .debug_line    0x0000000000004be5      0x714 Src/tim.o
 .debug_line    0x00000000000052f9       0x81 Startup/startup_stm32f303k8tx.o
 .debug_line    0x000000000000537a      0x60c accelerometer/lsm6ds0.o
 .debug_line    0x0000000000005986      0x639 compass/lis3mdltr.o
 .debug_line    0x0000000000005fbf      0x615 hts221/hts221.o
 .debug_line    0x00000000000065d4      0x5ec lps25hb/lps25hb.o

.debug_str      0x0000000000000000    0x791fd
 .debug_str     0x0000000000000000    0x64652 Drivers/STM32F3xx_HAL_Driver/Src/stm32f3xx_ll_gpio.o
                                      0x64803 (size before relaxing)
 .debug_str     0x0000000000064652     0x147b Drivers/STM32F3xx_HAL_Driver/Src/stm32f3xx_ll_i2c.o
                                      0x64e8b (size before relaxing)
 .debug_str     0x0000000000065acd     0x5cac Drivers/STM32F3xx_HAL_Driver/Src/stm32f3xx_ll_tim.o
                                      0x6971f (size before relaxing)
 .debug_str     0x000000000006b779     0x503a Drivers/STM32F3xx_HAL_Driver/Src/stm32f3xx_ll_utils.o
                                      0x6849d (size before relaxing)
 .debug_str     0x00000000000707b3     0x60fe Src/display.o
                                      0x7355a (size before relaxing)
 .debug_str     0x00000000000768b1       0x45 Src/gpio.o
                                      0x6ecc0 (size before relaxing)
 .debug_str     0x00000000000768f6      0x5fe Src/i2c.o
                                      0x6f40c (size before relaxing)
 .debug_str     0x0000000000076ef4     0x1d7d Src/main.o
                                      0x752b2 (size before relaxing)
 .debug_str     0x0000000000078c71       0xb8 Src/stm32f3xx_it.o
                                      0x6ec38 (size before relaxing)
 .debug_str     0x0000000000078d29       0x6e Src/system_stm32f3xx.o
                                      0x634a9 (size before relaxing)
 .debug_str     0x0000000000078d97       0xe3 Src/tim.o
                                      0x6f2a8 (size before relaxing)
 .debug_str     0x0000000000078e7a       0x31 Startup/startup_stm32f303k8tx.o
                                         0x4a (size before relaxing)
 .debug_str     0x0000000000078eab       0xa9 accelerometer/lsm6ds0.o
                                      0x6ed73 (size before relaxing)
 .debug_str     0x0000000000078f54      0x130 compass/lis3mdltr.o
                                      0x6fe76 (size before relaxing)
 .debug_str     0x0000000000079084       0xeb hts221/hts221.o
                                      0x6ede7 (size before relaxing)
 .debug_str     0x000000000007916f       0x8e lps25hb/lps25hb.o
                                      0x6ecff (size before relaxing)

.comment        0x0000000000000000       0x7b
 .comment       0x0000000000000000       0x7b Drivers/STM32F3xx_HAL_Driver/Src/stm32f3xx_ll_gpio.o
                                         0x7c (size before relaxing)
 .comment       0x000000000000007b       0x7c Drivers/STM32F3xx_HAL_Driver/Src/stm32f3xx_ll_i2c.o
 .comment       0x000000000000007b       0x7c Drivers/STM32F3xx_HAL_Driver/Src/stm32f3xx_ll_tim.o
 .comment       0x000000000000007b       0x7c Drivers/STM32F3xx_HAL_Driver/Src/stm32f3xx_ll_utils.o
 .comment       0x000000000000007b       0x7c Src/display.o
 .comment       0x000000000000007b       0x7c Src/gpio.o
 .comment       0x000000000000007b       0x7c Src/i2c.o
 .comment       0x000000000000007b       0x7c Src/main.o
 .comment       0x000000000000007b       0x7c Src/stm32f3xx_it.o
 .comment       0x000000000000007b       0x7c Src/system_stm32f3xx.o
 .comment       0x000000000000007b       0x7c Src/tim.o
 .comment       0x000000000000007b       0x7c accelerometer/lsm6ds0.o
 .comment       0x000000000000007b       0x7c compass/lis3mdltr.o
 .comment       0x000000000000007b       0x7c hts221/hts221.o
 .comment       0x000000000000007b       0x7c lps25hb/lps25hb.o

.debug_frame    0x0000000000000000     0x2690
 .debug_frame   0x0000000000000000      0x1c0 Drivers/STM32F3xx_HAL_Driver/Src/stm32f3xx_ll_gpio.o
 .debug_frame   0x00000000000001c0      0x238 Drivers/STM32F3xx_HAL_Driver/Src/stm32f3xx_ll_i2c.o
 .debug_frame   0x00000000000003f8      0x5d0 Drivers/STM32F3xx_HAL_Driver/Src/stm32f3xx_ll_tim.o
 .debug_frame   0x00000000000009c8      0x3dc Drivers/STM32F3xx_HAL_Driver/Src/stm32f3xx_ll_utils.o
 .debug_frame   0x0000000000000da4      0x5a0 Src/display.o
 .debug_frame   0x0000000000001344       0x84 Src/gpio.o
 .debug_frame   0x00000000000013c8      0x3e4 Src/i2c.o
 .debug_frame   0x00000000000017ac      0x2c8 Src/main.o
 .debug_frame   0x0000000000001a74      0x110 Src/stm32f3xx_it.o
 .debug_frame   0x0000000000001b84       0x58 Src/system_stm32f3xx.o
 .debug_frame   0x0000000000001bdc      0x210 Src/tim.o
 .debug_frame   0x0000000000001dec       0xe8 accelerometer/lsm6ds0.o
 .debug_frame   0x0000000000001ed4      0x114 compass/lis3mdltr.o
 .debug_frame   0x0000000000001fe8       0xe8 hts221/hts221.o
 .debug_frame   0x00000000000020d0       0xc4 lps25hb/lps25hb.o
 .debug_frame   0x0000000000002194       0x20 c:/st/stm32cubeide_1.4.0/stm32cubeide/plugins/com.st.stm32cube.ide.mcu.externaltools.gnu-tools-for-stm32.7-2018-q2-update.win32_1.4.0.202007081208/tools/bin/../lib/gcc/arm-none-eabi/7.3.1/../../../../arm-none-eabi/lib/thumb/v7e-m/fpv4-sp/hard\libc_nano.a(lib_a-errno.o)
 .debug_frame   0x00000000000021b4       0x2c c:/st/stm32cubeide_1.4.0/stm32cubeide/plugins/com.st.stm32cube.ide.mcu.externaltools.gnu-tools-for-stm32.7-2018-q2-update.win32_1.4.0.202007081208/tools/bin/../lib/gcc/arm-none-eabi/7.3.1/../../../../arm-none-eabi/lib/thumb/v7e-m/fpv4-sp/hard\libc_nano.a(lib_a-init.o)
 .debug_frame   0x00000000000021e0       0x20 c:/st/stm32cubeide_1.4.0/stm32cubeide/plugins/com.st.stm32cube.ide.mcu.externaltools.gnu-tools-for-stm32.7-2018-q2-update.win32_1.4.0.202007081208/tools/bin/../lib/gcc/arm-none-eabi/7.3.1/../../../../arm-none-eabi/lib/thumb/v7e-m/fpv4-sp/hard\libc_nano.a(lib_a-memset.o)
 .debug_frame   0x0000000000002200       0x20 c:/st/stm32cubeide_1.4.0/stm32cubeide/plugins/com.st.stm32cube.ide.mcu.externaltools.gnu-tools-for-stm32.7-2018-q2-update.win32_1.4.0.202007081208/tools/bin/../lib/gcc/arm-none-eabi/7.3.1/../../../../arm-none-eabi/lib/thumb/v7e-m/fpv4-sp/hard\libm.a(lib_a-w_atan2.o)
 .debug_frame   0x0000000000002220       0x5c c:/st/stm32cubeide_1.4.0/stm32cubeide/plugins/com.st.stm32cube.ide.mcu.externaltools.gnu-tools-for-stm32.7-2018-q2-update.win32_1.4.0.202007081208/tools/bin/../lib/gcc/arm-none-eabi/7.3.1/../../../../arm-none-eabi/lib/thumb/v7e-m/fpv4-sp/hard\libm.a(lib_a-w_pow.o)
 .debug_frame   0x000000000000227c       0x44 c:/st/stm32cubeide_1.4.0/stm32cubeide/plugins/com.st.stm32cube.ide.mcu.externaltools.gnu-tools-for-stm32.7-2018-q2-update.win32_1.4.0.202007081208/tools/bin/../lib/gcc/arm-none-eabi/7.3.1/../../../../arm-none-eabi/lib/thumb/v7e-m/fpv4-sp/hard\libm.a(lib_a-e_atan2.o)
 .debug_frame   0x00000000000022c0       0x64 c:/st/stm32cubeide_1.4.0/stm32cubeide/plugins/com.st.stm32cube.ide.mcu.externaltools.gnu-tools-for-stm32.7-2018-q2-update.win32_1.4.0.202007081208/tools/bin/../lib/gcc/arm-none-eabi/7.3.1/../../../../arm-none-eabi/lib/thumb/v7e-m/fpv4-sp/hard\libm.a(lib_a-e_pow.o)
 .debug_frame   0x0000000000002324       0x30 c:/st/stm32cubeide_1.4.0/stm32cubeide/plugins/com.st.stm32cube.ide.mcu.externaltools.gnu-tools-for-stm32.7-2018-q2-update.win32_1.4.0.202007081208/tools/bin/../lib/gcc/arm-none-eabi/7.3.1/../../../../arm-none-eabi/lib/thumb/v7e-m/fpv4-sp/hard\libm.a(lib_a-e_sqrt.o)
 .debug_frame   0x0000000000002354       0x38 c:/st/stm32cubeide_1.4.0/stm32cubeide/plugins/com.st.stm32cube.ide.mcu.externaltools.gnu-tools-for-stm32.7-2018-q2-update.win32_1.4.0.202007081208/tools/bin/../lib/gcc/arm-none-eabi/7.3.1/../../../../arm-none-eabi/lib/thumb/v7e-m/fpv4-sp/hard\libm.a(lib_a-s_atan.o)
 .debug_frame   0x000000000000238c       0x20 c:/st/stm32cubeide_1.4.0/stm32cubeide/plugins/com.st.stm32cube.ide.mcu.externaltools.gnu-tools-for-stm32.7-2018-q2-update.win32_1.4.0.202007081208/tools/bin/../lib/gcc/arm-none-eabi/7.3.1/../../../../arm-none-eabi/lib/thumb/v7e-m/fpv4-sp/hard\libm.a(lib_a-s_fabs.o)
 .debug_frame   0x00000000000023ac       0x20 c:/st/stm32cubeide_1.4.0/stm32cubeide/plugins/com.st.stm32cube.ide.mcu.externaltools.gnu-tools-for-stm32.7-2018-q2-update.win32_1.4.0.202007081208/tools/bin/../lib/gcc/arm-none-eabi/7.3.1/../../../../arm-none-eabi/lib/thumb/v7e-m/fpv4-sp/hard\libm.a(lib_a-s_finite.o)
 .debug_frame   0x00000000000023cc       0x20 c:/st/stm32cubeide_1.4.0/stm32cubeide/plugins/com.st.stm32cube.ide.mcu.externaltools.gnu-tools-for-stm32.7-2018-q2-update.win32_1.4.0.202007081208/tools/bin/../lib/gcc/arm-none-eabi/7.3.1/../../../../arm-none-eabi/lib/thumb/v7e-m/fpv4-sp/hard\libm.a(lib_a-s_matherr.o)
 .debug_frame   0x00000000000023ec       0x20 c:/st/stm32cubeide_1.4.0/stm32cubeide/plugins/com.st.stm32cube.ide.mcu.externaltools.gnu-tools-for-stm32.7-2018-q2-update.win32_1.4.0.202007081208/tools/bin/../lib/gcc/arm-none-eabi/7.3.1/../../../../arm-none-eabi/lib/thumb/v7e-m/fpv4-sp/hard\libm.a(lib_a-s_nan.o)
 .debug_frame   0x000000000000240c       0x34 c:/st/stm32cubeide_1.4.0/stm32cubeide/plugins/com.st.stm32cube.ide.mcu.externaltools.gnu-tools-for-stm32.7-2018-q2-update.win32_1.4.0.202007081208/tools/bin/../lib/gcc/arm-none-eabi/7.3.1/../../../../arm-none-eabi/lib/thumb/v7e-m/fpv4-sp/hard\libm.a(lib_a-s_rint.o)
 .debug_frame   0x0000000000002440       0x2c c:/st/stm32cubeide_1.4.0/stm32cubeide/plugins/com.st.stm32cube.ide.mcu.externaltools.gnu-tools-for-stm32.7-2018-q2-update.win32_1.4.0.202007081208/tools/bin/../lib/gcc/arm-none-eabi/7.3.1/../../../../arm-none-eabi/lib/thumb/v7e-m/fpv4-sp/hard\libm.a(lib_a-s_scalbn.o)
 .debug_frame   0x000000000000246c       0x20 c:/st/stm32cubeide_1.4.0/stm32cubeide/plugins/com.st.stm32cube.ide.mcu.externaltools.gnu-tools-for-stm32.7-2018-q2-update.win32_1.4.0.202007081208/tools/bin/../lib/gcc/arm-none-eabi/7.3.1/../../../../arm-none-eabi/lib/thumb/v7e-m/fpv4-sp/hard\libm.a(lib_a-s_copysign.o)
 .debug_frame   0x000000000000248c       0xac c:/st/stm32cubeide_1.4.0/stm32cubeide/plugins/com.st.stm32cube.ide.mcu.externaltools.gnu-tools-for-stm32.7-2018-q2-update.win32_1.4.0.202007081208/tools/bin/../lib/gcc/arm-none-eabi/7.3.1/thumb/v7e-m/fpv4-sp/hard\libgcc.a(_arm_addsubdf3.o)
 .debug_frame   0x0000000000002538       0x50 c:/st/stm32cubeide_1.4.0/stm32cubeide/plugins/com.st.stm32cube.ide.mcu.externaltools.gnu-tools-for-stm32.7-2018-q2-update.win32_1.4.0.202007081208/tools/bin/../lib/gcc/arm-none-eabi/7.3.1/thumb/v7e-m/fpv4-sp/hard\libgcc.a(_arm_muldivdf3.o)
 .debug_frame   0x0000000000002588       0xc4 c:/st/stm32cubeide_1.4.0/stm32cubeide/plugins/com.st.stm32cube.ide.mcu.externaltools.gnu-tools-for-stm32.7-2018-q2-update.win32_1.4.0.202007081208/tools/bin/../lib/gcc/arm-none-eabi/7.3.1/thumb/v7e-m/fpv4-sp/hard\libgcc.a(_arm_cmpdf2.o)
 .debug_frame   0x000000000000264c       0x20 c:/st/stm32cubeide_1.4.0/stm32cubeide/plugins/com.st.stm32cube.ide.mcu.externaltools.gnu-tools-for-stm32.7-2018-q2-update.win32_1.4.0.202007081208/tools/bin/../lib/gcc/arm-none-eabi/7.3.1/thumb/v7e-m/fpv4-sp/hard\libgcc.a(_arm_unorddf2.o)
 .debug_frame   0x000000000000266c       0x24 c:/st/stm32cubeide_1.4.0/stm32cubeide/plugins/com.st.stm32cube.ide.mcu.externaltools.gnu-tools-for-stm32.7-2018-q2-update.win32_1.4.0.202007081208/tools/bin/../lib/gcc/arm-none-eabi/7.3.1/thumb/v7e-m/fpv4-sp/hard\libgcc.a(_arm_truncdfsf2.o)
