Archive member included to satisfy reference by file (symbol)

c:/st/stm32cubeide_1.4.0/stm32cubeide/plugins/com.st.stm32cube.ide.mcu.externaltools.gnu-tools-for-stm32.7-2018-q2-update.win32_1.4.0.202007081208/tools/bin/../lib/gcc/arm-none-eabi/7.3.1/../../../../arm-none-eabi/lib/thumb/v7e-m/fpv4-sp/hard\libc_nano.a(lib_a-errno.o)
                              Src/syscalls.o (__errno)
c:/st/stm32cubeide_1.4.0/stm32cubeide/plugins/com.st.stm32cube.ide.mcu.externaltools.gnu-tools-for-stm32.7-2018-q2-update.win32_1.4.0.202007081208/tools/bin/../lib/gcc/arm-none-eabi/7.3.1/../../../../arm-none-eabi/lib/thumb/v7e-m/fpv4-sp/hard\libc_nano.a(lib_a-exit.o)
                              c:/st/stm32cubeide_1.4.0/stm32cubeide/plugins/com.st.stm32cube.ide.mcu.externaltools.gnu-tools-for-stm32.7-2018-q2-update.win32_1.4.0.202007081208/tools/bin/../lib/gcc/arm-none-eabi/7.3.1/../../../../arm-none-eabi/lib/thumb/v7e-m/fpv4-sp/hard/crt0.o (exit)
c:/st/stm32cubeide_1.4.0/stm32cubeide/plugins/com.st.stm32cube.ide.mcu.externaltools.gnu-tools-for-stm32.7-2018-q2-update.win32_1.4.0.202007081208/tools/bin/../lib/gcc/arm-none-eabi/7.3.1/../../../../arm-none-eabi/lib/thumb/v7e-m/fpv4-sp/hard\libc_nano.a(lib_a-impure.o)
                              c:/st/stm32cubeide_1.4.0/stm32cubeide/plugins/com.st.stm32cube.ide.mcu.externaltools.gnu-tools-for-stm32.7-2018-q2-update.win32_1.4.0.202007081208/tools/bin/../lib/gcc/arm-none-eabi/7.3.1/../../../../arm-none-eabi/lib/thumb/v7e-m/fpv4-sp/hard\libc_nano.a(lib_a-exit.o) (_global_impure_ptr)
c:/st/stm32cubeide_1.4.0/stm32cubeide/plugins/com.st.stm32cube.ide.mcu.externaltools.gnu-tools-for-stm32.7-2018-q2-update.win32_1.4.0.202007081208/tools/bin/../lib/gcc/arm-none-eabi/7.3.1/../../../../arm-none-eabi/lib/thumb/v7e-m/fpv4-sp/hard\libc_nano.a(lib_a-init.o)
                              c:/st/stm32cubeide_1.4.0/stm32cubeide/plugins/com.st.stm32cube.ide.mcu.externaltools.gnu-tools-for-stm32.7-2018-q2-update.win32_1.4.0.202007081208/tools/bin/../lib/gcc/arm-none-eabi/7.3.1/../../../../arm-none-eabi/lib/thumb/v7e-m/fpv4-sp/hard/crt0.o (__libc_init_array)
c:/st/stm32cubeide_1.4.0/stm32cubeide/plugins/com.st.stm32cube.ide.mcu.externaltools.gnu-tools-for-stm32.7-2018-q2-update.win32_1.4.0.202007081208/tools/bin/../lib/gcc/arm-none-eabi/7.3.1/../../../../arm-none-eabi/lib/thumb/v7e-m/fpv4-sp/hard\libc_nano.a(lib_a-memset.o)
                              c:/st/stm32cubeide_1.4.0/stm32cubeide/plugins/com.st.stm32cube.ide.mcu.externaltools.gnu-tools-for-stm32.7-2018-q2-update.win32_1.4.0.202007081208/tools/bin/../lib/gcc/arm-none-eabi/7.3.1/../../../../arm-none-eabi/lib/thumb/v7e-m/fpv4-sp/hard/crt0.o (memset)

Allocating common symbols
Common symbol       size              file

acc                 0xc               Src/main.o
aReceiveBuffer_read
                    0x4               Src/i2c.o
mag                 0xc               Src/main.o

Discarded input sections

 .text          0x0000000000000000        0x0 c:/st/stm32cubeide_1.4.0/stm32cubeide/plugins/com.st.stm32cube.ide.mcu.externaltools.gnu-tools-for-stm32.7-2018-q2-update.win32_1.4.0.202007081208/tools/bin/../lib/gcc/arm-none-eabi/7.3.1/thumb/v7e-m/fpv4-sp/hard/crti.o
 .data          0x0000000000000000        0x0 c:/st/stm32cubeide_1.4.0/stm32cubeide/plugins/com.st.stm32cube.ide.mcu.externaltools.gnu-tools-for-stm32.7-2018-q2-update.win32_1.4.0.202007081208/tools/bin/../lib/gcc/arm-none-eabi/7.3.1/thumb/v7e-m/fpv4-sp/hard/crti.o
 .bss           0x0000000000000000        0x0 c:/st/stm32cubeide_1.4.0/stm32cubeide/plugins/com.st.stm32cube.ide.mcu.externaltools.gnu-tools-for-stm32.7-2018-q2-update.win32_1.4.0.202007081208/tools/bin/../lib/gcc/arm-none-eabi/7.3.1/thumb/v7e-m/fpv4-sp/hard/crti.o
 .data          0x0000000000000000        0x4 c:/st/stm32cubeide_1.4.0/stm32cubeide/plugins/com.st.stm32cube.ide.mcu.externaltools.gnu-tools-for-stm32.7-2018-q2-update.win32_1.4.0.202007081208/tools/bin/../lib/gcc/arm-none-eabi/7.3.1/thumb/v7e-m/fpv4-sp/hard/crtbegin.o
 .text          0x0000000000000000       0x74 c:/st/stm32cubeide_1.4.0/stm32cubeide/plugins/com.st.stm32cube.ide.mcu.externaltools.gnu-tools-for-stm32.7-2018-q2-update.win32_1.4.0.202007081208/tools/bin/../lib/gcc/arm-none-eabi/7.3.1/../../../../arm-none-eabi/lib/thumb/v7e-m/fpv4-sp/hard/crt0.o
 .data          0x0000000000000000        0x0 c:/st/stm32cubeide_1.4.0/stm32cubeide/plugins/com.st.stm32cube.ide.mcu.externaltools.gnu-tools-for-stm32.7-2018-q2-update.win32_1.4.0.202007081208/tools/bin/../lib/gcc/arm-none-eabi/7.3.1/../../../../arm-none-eabi/lib/thumb/v7e-m/fpv4-sp/hard/crt0.o
 .bss           0x0000000000000000        0x0 c:/st/stm32cubeide_1.4.0/stm32cubeide/plugins/com.st.stm32cube.ide.mcu.externaltools.gnu-tools-for-stm32.7-2018-q2-update.win32_1.4.0.202007081208/tools/bin/../lib/gcc/arm-none-eabi/7.3.1/../../../../arm-none-eabi/lib/thumb/v7e-m/fpv4-sp/hard/crt0.o
[...]
Memory Configuration

Name             Origin             Length             Attributes
FLASH            0x0000000008000000 0x0000000000010000 xr
CCMRAM           0x0000000010000000 0x0000000000001000 xrw
RAM              0x0000000020000000 0x0000000000003000 xrw
*default*        0x0000000000000000 0xffffffffffffffff

Linker script and memory map

LOAD c:/st/stm32cubeide_1.4.0/stm32cubeide/plugins/com.st.stm32cube.ide.mcu.externaltools.gnu-tools-for-stm32.7-2018-q2-update.win32_1.4.0.202007081208/tools/bin/../lib/gcc/arm-none-eabi/7.3.1/thumb/v7e-m/fpv4-sp/hard/crti.o
LOAD c:/st/stm32cubeide_1.4.0/stm32cubeide/plugins/com.st.stm32cube.ide.mcu.externaltools.gnu-tools-for-stm32.7-2018-q2-update.win32_1.4.0.202007081208/tools/bin/../lib/gcc/arm-none-eabi/7.3.1/thumb/v7e-m/fpv4-sp/hard/crtbegin.o
LOAD c:/st/stm32cubeide_1.4.0/stm32cubeide/plugins/com.st.stm32cube.ide.mcu.externaltools.gnu-tools-for-stm32.7-2018-q2-update.win32_1.4.0.202007081208/tools/bin/../lib/gcc/arm-none-eabi/7.3.1/../../../../arm-none-eabi/lib/thumb/v7e-m/fpv4-sp/hard/crt0.o
LOAD Drivers/STM32F3xx_HAL_Driver/Src/stm32f3xx_ll_dma.o
LOAD Drivers/STM32F3xx_HAL_Driver/Src/stm32f3xx_ll_exti.o
LOAD Drivers/STM32F3xx_HAL_Driver/Src/stm32f3xx_ll_gpio.o
LOAD Drivers/STM32F3xx_HAL_Driver/Src/stm32f3xx_ll_i2c.o
LOAD Drivers/STM32F3xx_HAL_Driver/Src/stm32f3xx_ll_rcc.o
LOAD Drivers/STM32F3xx_HAL_Driver/Src/stm32f3xx_ll_utils.o
LOAD Src/gpio.o
LOAD Src/i2c.o
LOAD Src/main.o
LOAD Src/stm32f3xx_it.o
LOAD Src/syscalls.o
LOAD Src/sysmem.o
LOAD Src/system_stm32f3xx.o
LOAD Startup/startup_stm32f303k8tx.o
LOAD accelerometer/lsm6ds0.o
LOAD compass/lis3mdltr.o
LOAD hts221/hts221.o
START GROUP
LOAD c:/st/stm32cubeide_1.4.0/stm32cubeide/plugins/com.st.stm32cube.ide.mcu.externaltools.gnu-tools-for-stm32.7-2018-q2-update.win32_1.4.0.202007081208/tools/bin/../lib/gcc/arm-none-eabi/7.3.1/../../../../arm-none-eabi/lib/thumb/v7e-m/fpv4-sp/hard\libc_nano.a
LOAD c:/st/stm32cubeide_1.4.0/stm32cubeide/plugins/com.st.stm32cube.ide.mcu.externaltools.gnu-tools-for-stm32.7-2018-q2-update.win32_1.4.0.202007081208/tools/bin/../lib/gcc/arm-none-eabi/7.3.1/../../../../arm-none-eabi/lib/thumb/v7e-m/fpv4-sp/hard\libm.a
END GROUP
START GROUP
LOAD c:/st/stm32cubeide_1.4.0/stm32cubeide/plugins/com.st.stm32cube.ide.mcu.externaltools.gnu-tools-for-stm32.7-2018-q2-update.win32_1.4.0.202007081208/tools/bin/../lib/gcc/arm-none-eabi/7.3.1/thumb/v7e-m/fpv4-sp/hard\libgcc.a
LOAD c:/st/stm32cubeide_1.4.0/stm32cubeide/plugins/com.st.stm32cube.ide.mcu.externaltools.gnu-tools-for-stm32.7-2018-q2-update.win32_1.4.0.202007081208/tools/bin/../lib/gcc/arm-none-eabi/7.3.1/../../../../arm-none-eabi/lib/thumb/v7e-m/fpv4-sp/hard\libc_nano.a
END GROUP
START GROUP
LOAD c:/st/stm32cubeide_1.4.0/stm32cubeide/plugins/com.st.stm32cube.ide.mcu.externaltools.gnu-tools-for-stm32.7-2018-q2-update.win32_1.4.0.202007081208/tools/bin/../lib/gcc/arm-none-eabi/7.3.1/thumb/v7e-m/fpv4-sp/hard\libgcc.a
LOAD c:/st/stm32cubeide_1.4.0/stm32cubeide/plugins/com.st.stm32cube.ide.mcu.externaltools.gnu-tools-for-stm32.7-2018-q2-update.win32_1.4.0.202007081208/tools/bin/../lib/gcc/arm-none-eabi/7.3.1/../../../../arm-none-eabi/lib/thumb/v7e-m/fpv4-sp/hard\libc_nano.a
LOAD c:/st/stm32cubeide_1.4.0/stm32cubeide/plugins/com.st.stm32cube.ide.mcu.externaltools.gnu-tools-for-stm32.7-2018-q2-update.win32_1.4.0.202007081208/tools/bin/../lib/gcc/arm-none-eabi/7.3.1/../../../../arm-none-eabi/lib/thumb/v7e-m/fpv4-sp/hard\libnosys.a
END GROUP
START GROUP
LOAD c:/st/stm32cubeide_1.4.0/stm32cubeide/plugins/com.st.stm32cube.ide.mcu.externaltools.gnu-tools-for-stm32.7-2018-q2-update.win32_1.4.0.202007081208/tools/bin/../lib/gcc/arm-none-eabi/7.3.1/thumb/v7e-m/fpv4-sp/hard\libgcc.a
LOAD c:/st/stm32cubeide_1.4.0/stm32cubeide/plugins/com.st.stm32cube.ide.mcu.externaltools.gnu-tools-for-stm32.7-2018-q2-update.win32_1.4.0.202007081208/tools/bin/../lib/gcc/arm-none-eabi/7.3.1/../../../../arm-none-eabi/lib/thumb/v7e-m/fpv4-sp/hard\libc_nano.a
LOAD c:/st/stm32cubeide_1.4.0/stm32cubeide/plugins/com.st.stm32cube.ide.mcu.externaltools.gnu-tools-for-stm32.7-2018-q2-update.win32_1.4.0.202007081208/tools/bin/../lib/gcc/arm-none-eabi/7.3.1/../../../../arm-none-eabi/lib/thumb/v7e-m/fpv4-sp/hard\libnosys.a
END GROUP
LOAD c:/st/stm32cubeide_1.4.0/stm32cubeide/plugins/com.st.stm32cube.ide.mcu.externaltools.gnu-tools-for-stm32.7-2018-q2-update.win32_1.4.0.202007081208/tools/bin/../lib/gcc/arm-none-eabi/7.3.1/thumb/v7e-m/fpv4-sp/hard/crtend.o
LOAD c:/st/stm32cubeide_1.4.0/stm32cubeide/plugins/com.st.stm32cube.ide.mcu.externaltools.gnu-tools-for-stm32.7-2018-q2-update.win32_1.4.0.202007081208/tools/bin/../lib/gcc/arm-none-eabi/7.3.1/thumb/v7e-m/fpv4-sp/hard/crtn.o
                0x0000000020003000                _estack = 0x20003000
                0x0000000000000200                _Min_Heap_Size = 0x200
                0x0000000000000400                _Min_Stack_Size = 0x400

.isr_vector     0x0000000008000000      0x188
                0x0000000008000000                . = ALIGN (0x4)
 *(.isr_vector)
 .isr_vector    0x0000000008000000      0x188 Startup/startup_stm32f303k8tx.o
                0x0000000008000000                g_pfnVectors
                0x0000000008000188                . = ALIGN (0x4)

.text           0x0000000008000188     0x13ac
                0x0000000008000188                . = ALIGN (0x4)
 *(.text)
 .text          0x0000000008000188       0x40 c:/st/stm32cubeide_1.4.0/stm32cubeide/plugins/com.st.stm32cube.ide.mcu.externaltools.gnu-tools-for-stm32.7-2018-q2-update.win32_1.4.0.202007081208/tools/bin/../lib/gcc/arm-none-eabi/7.3.1/thumb/v7e-m/fpv4-sp/hard/crtbegin.o
 *(.text*)
 .text.LL_GPIO_SetPinMode
                0x00000000080001c8       0x5a Drivers/STM32F3xx_HAL_Driver/Src/stm32f3xx_ll_gpio.o
 .text.LL_GPIO_SetPinOutputType
                0x0000000008000222       0x30 Drivers/STM32F3xx_HAL_Driver/Src/stm32f3xx_ll_gpio.o
 .text.LL_GPIO_SetPinSpeed
                0x0000000008000252       0x5a Drivers/STM32F3xx_HAL_Driver/Src/stm32f3xx_ll_gpio.o
 .text.LL_GPIO_SetPinPull
                0x00000000080002ac       0x5a Drivers/STM32F3xx_HAL_Driver/Src/stm32f3xx_ll_gpio.o
 .text.LL_GPIO_SetAFPin_0_7
                0x0000000008000306       0x5a Drivers/STM32F3xx_HAL_Driver/Src/stm32f3xx_ll_gpio.o
 .text.LL_GPIO_SetAFPin_8_15
                0x0000000008000360       0x5e Drivers/STM32F3xx_HAL_Driver/Src/stm32f3xx_ll_gpio.o
 .text.LL_GPIO_Init
                0x00000000080003be       0xf4 Drivers/STM32F3xx_HAL_Driver/Src/stm32f3xx_ll_gpio.o
                0x00000000080003be                LL_GPIO_Init
 .text.LL_I2C_Enable
                0x00000000080004b2       0x20 Drivers/STM32F3xx_HAL_Driver/Src/stm32f3xx_ll_i2c.o
 .text.LL_I2C_Disable
                0x00000000080004d2       0x20 Drivers/STM32F3xx_HAL_Driver/Src/stm32f3xx_ll_i2c.o
 .text.LL_I2C_ConfigFilters
                0x00000000080004f2       0x2e Drivers/STM32F3xx_HAL_Driver/Src/stm32f3xx_ll_i2c.o
 .text.LL_I2C_SetOwnAddress1
                0x0000000008000520       0x30 Drivers/STM32F3xx_HAL_Driver/Src/stm32f3xx_ll_i2c.o
 .text.LL_I2C_EnableOwnAddress1
                0x0000000008000550       0x20 Drivers/STM32F3xx_HAL_Driver/Src/stm32f3xx_ll_i2c.o
 .text.LL_I2C_DisableOwnAddress1
                0x0000000008000570       0x20 Drivers/STM32F3xx_HAL_Driver/Src/stm32f3xx_ll_i2c.o
 .text.LL_I2C_SetTiming
                0x0000000008000590       0x1c Drivers/STM32F3xx_HAL_Driver/Src/stm32f3xx_ll_i2c.o
 .text.LL_I2C_SetMode
                0x00000000080005ac       0x26 Drivers/STM32F3xx_HAL_Driver/Src/stm32f3xx_ll_i2c.o
 .text.LL_I2C_AcknowledgeNextData
                0x00000000080005d2       0x26 Drivers/STM32F3xx_HAL_Driver/Src/stm32f3xx_ll_i2c.o
 .text.LL_I2C_Init
                0x00000000080005f8       0x78 Drivers/STM32F3xx_HAL_Driver/Src/stm32f3xx_ll_i2c.o
                0x00000000080005f8                LL_I2C_Init
 .text.LL_InitTick
                0x0000000008000670       0x34 Drivers/STM32F3xx_HAL_Driver/Src/stm32f3xx_ll_utils.o
 .text.LL_Init1msTick
                0x00000000080006a4       0x1a Drivers/STM32F3xx_HAL_Driver/Src/stm32f3xx_ll_utils.o
                0x00000000080006a4                LL_Init1msTick
 *fill*         0x00000000080006be        0x2 
 .text.LL_mDelay
                0x00000000080006c0       0x48 Drivers/STM32F3xx_HAL_Driver/Src/stm32f3xx_ll_utils.o
                0x00000000080006c0                LL_mDelay
 .text.LL_SetSystemCoreClock
                0x0000000008000708       0x20 Drivers/STM32F3xx_HAL_Driver/Src/stm32f3xx_ll_utils.o
                0x0000000008000708                LL_SetSystemCoreClock
 .text.LL_AHB1_GRP1_EnableClock
                0x0000000008000728       0x30 Src/gpio.o
 .text.MX_GPIO_Init
                0x0000000008000758       0x10 Src/gpio.o
                0x0000000008000758                MX_GPIO_Init
 .text.NVIC_GetPriorityGrouping
                0x0000000008000768       0x1c Src/i2c.o
 .text.NVIC_EnableIRQ
                0x0000000008000784       0x34 Src/i2c.o
 .text.NVIC_SetPriority
                0x00000000080007b8       0x54 Src/i2c.o
 .text.NVIC_EncodePriority
                0x000000000800080c       0x66 Src/i2c.o
 .text.LL_I2C_Enable
                0x0000000008000872       0x20 Src/i2c.o
 .text.LL_I2C_EnableClockStretching
                0x0000000008000892       0x20 Src/i2c.o
 .text.LL_I2C_DisableGeneralCall
                0x00000000080008b2       0x20 Src/i2c.o
 .text.LL_I2C_SetOwnAddress2
                0x00000000080008d2       0x30 Src/i2c.o
 .text.LL_I2C_DisableOwnAddress2
                0x0000000008000902       0x20 Src/i2c.o
 .text.LL_I2C_EnableIT_RX
                0x0000000008000922       0x20 Src/i2c.o
 .text.LL_I2C_DisableIT_RX
                0x0000000008000942       0x20 Src/i2c.o
 .text.LL_I2C_IsActiveFlag_TXIS
                0x0000000008000962       0x26 Src/i2c.o
 .text.LL_I2C_IsActiveFlag_RXNE
                0x0000000008000988       0x26 Src/i2c.o
 .text.LL_I2C_IsActiveFlag_STOP
                0x00000000080009ae       0x26 Src/i2c.o
 .text.LL_I2C_ClearFlag_STOP
                0x00000000080009d4       0x20 Src/i2c.o
 .text.LL_I2C_EnableAutoEndMode
                0x00000000080009f4       0x20 Src/i2c.o
 .text.LL_I2C_HandleTransfer
                0x0000000008000a14       0x4c Src/i2c.o
 .text.LL_I2C_ReceiveData8
                0x0000000008000a60       0x1a Src/i2c.o
 .text.LL_I2C_TransmitData8
                0x0000000008000a7a       0x1e Src/i2c.o
 .text.LL_AHB1_GRP1_EnableClock
                0x0000000008000a98       0x30 Src/i2c.o
 .text.LL_APB1_GRP1_EnableClock
                0x0000000008000ac8       0x30 Src/i2c.o
 .text.MX_I2C1_Init
                0x0000000008000af8       0xe0 Src/i2c.o
                0x0000000008000af8                MX_I2C1_Init
 .text.i2c_master_write
                0x0000000008000bd8       0x88 Src/i2c.o
                0x0000000008000bd8                i2c_master_write
 .text.i2c_master_read
                0x0000000008000c60       0xf8 Src/i2c.o
                0x0000000008000c60                i2c_master_read
 .text.I2C1_EV_IRQHandler
                0x0000000008000d58       0x60 Src/i2c.o
                0x0000000008000d58                I2C1_EV_IRQHandler
 .text.NVIC_SetPriorityGrouping
                0x0000000008000db8       0x48 Src/main.o
 .text.LL_RCC_HSI_Enable
                0x0000000008000e00       0x20 Src/main.o
 .text.LL_RCC_HSI_IsReady
                0x0000000008000e20       0x24 Src/main.o
 .text.LL_RCC_HSI_SetCalibTrimming
                0x0000000008000e44       0x2c Src/main.o
 .text.LL_RCC_SetSysClkSource
                0x0000000008000e70       0x28 Src/main.o
 .text.LL_RCC_GetSysClkSource
                0x0000000008000e98       0x1c Src/main.o
 .text.LL_RCC_SetAHBPrescaler
                0x0000000008000eb4       0x28 Src/main.o
 .text.LL_RCC_SetAPB1Prescaler
                0x0000000008000edc       0x28 Src/main.o
 .text.LL_RCC_SetAPB2Prescaler
                0x0000000008000f04       0x28 Src/main.o
 .text.LL_RCC_SetI2CClockSource
                0x0000000008000f2c       0x30 Src/main.o
 .text.LL_APB1_GRP1_EnableClock
                0x0000000008000f5c       0x30 Src/main.o
 .text.LL_APB2_GRP1_EnableClock
                0x0000000008000f8c       0x30 Src/main.o
 .text.LL_FLASH_SetLatency
                0x0000000008000fbc       0x28 Src/main.o
 .text.LL_FLASH_GetLatency
                0x0000000008000fe4       0x1c Src/main.o
 .text.LL_SYSTICK_SetClkSource
                0x0000000008001000       0x38 Src/main.o
 .text.main     0x0000000008001038       0x44 Src/main.o
                0x0000000008001038                main
 .text.SystemClock_Config
                0x000000000800107c       0x74 Src/main.o
                0x000000000800107c                SystemClock_Config
 .text.Error_Handler
                0x00000000080010f0        0xe Src/main.o
                0x00000000080010f0                Error_Handler
 .text.NMI_Handler
                0x00000000080010fe        0xe Src/stm32f3xx_it.o
                0x00000000080010fe                NMI_Handler
 .text.HardFault_Handler
                0x000000000800110c        0x6 Src/stm32f3xx_it.o
                0x000000000800110c                HardFault_Handler
 .text.MemManage_Handler
                0x0000000008001112        0x6 Src/stm32f3xx_it.o
                0x0000000008001112                MemManage_Handler
 .text.BusFault_Handler
                0x0000000008001118        0x6 Src/stm32f3xx_it.o
                0x0000000008001118                BusFault_Handler
 .text.UsageFault_Handler
                0x000000000800111e        0x6 Src/stm32f3xx_it.o
                0x000000000800111e                UsageFault_Handler
 .text.SVC_Handler
                0x0000000008001124        0xe Src/stm32f3xx_it.o
                0x0000000008001124                SVC_Handler
 .text.DebugMon_Handler
                0x0000000008001132        0xe Src/stm32f3xx_it.o
                0x0000000008001132                DebugMon_Handler
 .text.PendSV_Handler
                0x0000000008001140        0xe Src/stm32f3xx_it.o
                0x0000000008001140                PendSV_Handler
 .text.SysTick_Handler
                0x000000000800114e        0xe Src/stm32f3xx_it.o
                0x000000000800114e                SysTick_Handler
 .text.SystemInit
                0x000000000800115c       0x94 Src/system_stm32f3xx.o
                0x000000000800115c                SystemInit
 .text.Reset_Handler
                0x00000000080011f0       0x50 Startup/startup_stm32f303k8tx.o
                0x00000000080011f0                Reset_Handler
 .text.Default_Handler
                0x0000000008001240        0x2 Startup/startup_stm32f303k8tx.o
                0x0000000008001240                RTC_Alarm_IRQHandler
                0x0000000008001240                TIM1_CC_IRQHandler
                0x0000000008001240                PVD_IRQHandler
                0x0000000008001240                TAMP_STAMP_IRQHandler
                0x0000000008001240                EXTI3_IRQHandler
                0x0000000008001240                EXTI0_IRQHandler
                0x0000000008001240                FPU_IRQHandler
                0x0000000008001240                CAN_TX_IRQHandler
                0x0000000008001240                TIM1_UP_TIM16_IRQHandler
                0x0000000008001240                ADC1_2_IRQHandler
                0x0000000008001240                SPI1_IRQHandler
                0x0000000008001240                CAN_SCE_IRQHandler
                0x0000000008001240                DMA1_Channel4_IRQHandler
                0x0000000008001240                USART3_IRQHandler
                0x0000000008001240                DMA1_Channel7_IRQHandler
                0x0000000008001240                TIM7_DAC2_IRQHandler
                0x0000000008001240                CAN_RX1_IRQHandler
                0x0000000008001240                DMA1_Channel6_IRQHandler
                0x0000000008001240                TIM3_IRQHandler
                0x0000000008001240                RCC_IRQHandler
                0x0000000008001240                DMA1_Channel1_IRQHandler
                0x0000000008001240                Default_Handler
                0x0000000008001240                EXTI15_10_IRQHandler
                0x0000000008001240                COMP2_IRQHandler
                0x0000000008001240                TIM6_DAC1_IRQHandler
                0x0000000008001240                EXTI9_5_IRQHandler
                0x0000000008001240                RTC_WKUP_IRQHandler
                0x0000000008001240                DMA1_Channel5_IRQHandler
                0x0000000008001240                EXTI4_IRQHandler
                0x0000000008001240                TIM1_TRG_COM_TIM17_IRQHandler
                0x0000000008001240                DMA1_Channel3_IRQHandler
                0x0000000008001240                WWDG_IRQHandler
                0x0000000008001240                TIM2_IRQHandler
                0x0000000008001240                EXTI1_IRQHandler
                0x0000000008001240                COMP4_6_IRQHandler
                0x0000000008001240                USART2_IRQHandler
                0x0000000008001240                DMA1_Channel2_IRQHandler
                0x0000000008001240                FLASH_IRQHandler
                0x0000000008001240                USART1_IRQHandler
                0x0000000008001240                CAN_RX0_IRQHandler
                0x0000000008001240                I2C1_ER_IRQHandler
                0x0000000008001240                EXTI2_TSC_IRQHandler
                0x0000000008001240                TIM1_BRK_TIM15_IRQHandler
 *fill*         0x0000000008001242        0x2 
 .text.lsm6ds0_read_byte
                0x0000000008001244       0x34 accelerometer/lsm6ds0.o
                0x0000000008001244                lsm6ds0_read_byte
 .text.lsm6ds0_write_byte
                0x0000000008001278       0x2c accelerometer/lsm6ds0.o
                0x0000000008001278                lsm6ds0_write_byte
 .text.lsm6ds0_init
                0x00000000080012a4       0x64 accelerometer/lsm6ds0.o
                0x00000000080012a4                lsm6ds0_init
 .text.hts221_read_byte
                0x0000000008001308       0x2c hts221/hts221.o
                0x0000000008001308                hts221_read_byte
 .text.hts221_write_byte
                0x0000000008001334       0x24 hts221/hts221.o
                0x0000000008001334                hts221_write_byte
 .text.hts221_readArray
                0x0000000008001358       0x28 hts221/hts221.o
                0x0000000008001358                hts221_readArray
 .text.hts221_getTemp
                0x0000000008001380       0xf8 hts221/hts221.o
                0x0000000008001380                hts221_getTemp
 .text.hts221_init
                0x0000000008001478       0x5c hts221/hts221.o
                0x0000000008001478                hts221_init
 .text.__libc_init_array
                0x00000000080014d4       0x48 c:/st/stm32cubeide_1.4.0/stm32cubeide/plugins/com.st.stm32cube.ide.mcu.externaltools.gnu-tools-for-stm32.7-2018-q2-update.win32_1.4.0.202007081208/tools/bin/../lib/gcc/arm-none-eabi/7.3.1/../../../../arm-none-eabi/lib/thumb/v7e-m/fpv4-sp/hard\libc_nano.a(lib_a-init.o)
                0x00000000080014d4                __libc_init_array
 *(.glue_7)
 .glue_7        0x000000000800151c        0x0 linker stubs
 *(.glue_7t)
 .glue_7t       0x000000000800151c        0x0 linker stubs
 *(.eh_frame)
 .eh_frame      0x000000000800151c        0x0 c:/st/stm32cubeide_1.4.0/stm32cubeide/plugins/com.st.stm32cube.ide.mcu.externaltools.gnu-tools-for-stm32.7-2018-q2-update.win32_1.4.0.202007081208/tools/bin/../lib/gcc/arm-none-eabi/7.3.1/thumb/v7e-m/fpv4-sp/hard/crtbegin.o
 *(.init)
 .init          0x000000000800151c        0x4 c:/st/stm32cubeide_1.4.0/stm32cubeide/plugins/com.st.stm32cube.ide.mcu.externaltools.gnu-tools-for-stm32.7-2018-q2-update.win32_1.4.0.202007081208/tools/bin/../lib/gcc/arm-none-eabi/7.3.1/thumb/v7e-m/fpv4-sp/hard/crti.o
                0x000000000800151c                _init
 .init          0x0000000008001520        0x8 c:/st/stm32cubeide_1.4.0/stm32cubeide/plugins/com.st.stm32cube.ide.mcu.externaltools.gnu-tools-for-stm32.7-2018-q2-update.win32_1.4.0.202007081208/tools/bin/../lib/gcc/arm-none-eabi/7.3.1/thumb/v7e-m/fpv4-sp/hard/crtn.o
 *(.fini)
 .fini          0x0000000008001528        0x4 c:/st/stm32cubeide_1.4.0/stm32cubeide/plugins/com.st.stm32cube.ide.mcu.externaltools.gnu-tools-for-stm32.7-2018-q2-update.win32_1.4.0.202007081208/tools/bin/../lib/gcc/arm-none-eabi/7.3.1/thumb/v7e-m/fpv4-sp/hard/crti.o
                0x0000000008001528                _fini
 .fini          0x000000000800152c        0x8 c:/st/stm32cubeide_1.4.0/stm32cubeide/plugins/com.st.stm32cube.ide.mcu.externaltools.gnu-tools-for-stm32.7-2018-q2-update.win32_1.4.0.202007081208/tools/bin/../lib/gcc/arm-none-eabi/7.3.1/thumb/v7e-m/fpv4-sp/hard/crtn.o
                0x0000000008001534                . = ALIGN (0x4)
                0x0000000008001534                _etext = .

.vfp11_veneer   0x0000000008001534        0x0
 .vfp11_veneer  0x0000000008001534        0x0 linker stubs

.v4_bx          0x0000000008001534        0x0
 .v4_bx         0x0000000008001534        0x0 linker stubs

.iplt           0x0000000008001534        0x0
 .iplt          0x0000000008001534        0x0 c:/st/stm32cubeide_1.4.0/stm32cubeide/plugins/com.st.stm32cube.ide.mcu.externaltools.gnu-tools-for-stm32.7-2018-q2-update.win32_1.4.0.202007081208/tools/bin/../lib/gcc/arm-none-eabi/7.3.1/thumb/v7e-m/fpv4-sp/hard/crtbegin.o

.rel.dyn        0x0000000008001534        0x0
 .rel.iplt      0x0000000008001534        0x0 c:/st/stm32cubeide_1.4.0/stm32cubeide/plugins/com.st.stm32cube.ide.mcu.externaltools.gnu-tools-for-stm32.7-2018-q2-update.win32_1.4.0.202007081208/tools/bin/../lib/gcc/arm-none-eabi/7.3.1/thumb/v7e-m/fpv4-sp/hard/crtbegin.o

.rodata         0x0000000008001534        0x0
                0x0000000008001534                . = ALIGN (0x4)
 *(.rodata)
 *(.rodata*)
                0x0000000008001534                . = ALIGN (0x4)

.ARM.extab      0x0000000008001534        0x0
                0x0000000008001534                . = ALIGN (0x4)
 *(.ARM.extab* .gnu.linkonce.armextab.*)
                0x0000000008001534                . = ALIGN (0x4)

.ARM            0x0000000008001534        0x0
                0x0000000008001534                . = ALIGN (0x4)
                0x0000000008001534                __exidx_start = .
 *(.ARM.exidx*)
                0x0000000008001534                __exidx_end = .
                0x0000000008001534                . = ALIGN (0x4)

.preinit_array  0x0000000008001534        0x0
                0x0000000008001534                . = ALIGN (0x4)
                0x0000000008001534                PROVIDE (__preinit_array_start = .)
 *(.preinit_array*)
                0x0000000008001534                PROVIDE (__preinit_array_end = .)
                0x0000000008001534                . = ALIGN (0x4)

.init_array     0x0000000008001534        0x4
                0x0000000008001534                . = ALIGN (0x4)
                0x0000000008001534                PROVIDE (__init_array_start = .)
 *(SORT_BY_NAME(.init_array.*))
 *(.init_array*)
 .init_array    0x0000000008001534        0x4 c:/st/stm32cubeide_1.4.0/stm32cubeide/plugins/com.st.stm32cube.ide.mcu.externaltools.gnu-tools-for-stm32.7-2018-q2-update.win32_1.4.0.202007081208/tools/bin/../lib/gcc/arm-none-eabi/7.3.1/thumb/v7e-m/fpv4-sp/hard/crtbegin.o
                0x0000000008001538                PROVIDE (__init_array_end = .)
                0x0000000008001538                . = ALIGN (0x4)

.fini_array     0x0000000008001538        0x4
                0x0000000008001538                . = ALIGN (0x4)
                [!provide]                        PROVIDE (__fini_array_start = .)
 *(SORT_BY_NAME(.fini_array.*))
 *(.fini_array*)
 .fini_array    0x0000000008001538        0x4 c:/st/stm32cubeide_1.4.0/stm32cubeide/plugins/com.st.stm32cube.ide.mcu.externaltools.gnu-tools-for-stm32.7-2018-q2-update.win32_1.4.0.202007081208/tools/bin/../lib/gcc/arm-none-eabi/7.3.1/thumb/v7e-m/fpv4-sp/hard/crtbegin.o
                [!provide]                        PROVIDE (__fini_array_end = .)
                0x000000000800153c                . = ALIGN (0x4)
                0x000000000800153c                _sidata = LOADADDR (.data)

.data           0x0000000020000000        0x8 load address 0x000000000800153c
                0x0000000020000000                . = ALIGN (0x4)
                0x0000000020000000                _sdata = .
 *(.data)
 *(.data*)
 .data.SystemCoreClock
                0x0000000020000000        0x4 Src/system_stm32f3xx.o
                0x0000000020000000                SystemCoreClock
 .data.addres   0x0000000020000004        0x1 accelerometer/lsm6ds0.o
                0x0000000020000004                addres
                0x0000000020000008                . = ALIGN (0x4)
 *fill*         0x0000000020000005        0x3 
                0x0000000020000008                _edata = .

.igot.plt       0x0000000020000008        0x0 load address 0x0000000008001544
 .igot.plt      0x0000000020000008        0x0 c:/st/stm32cubeide_1.4.0/stm32cubeide/plugins/com.st.stm32cube.ide.mcu.externaltools.gnu-tools-for-stm32.7-2018-q2-update.win32_1.4.0.202007081208/tools/bin/../lib/gcc/arm-none-eabi/7.3.1/thumb/v7e-m/fpv4-sp/hard/crtbegin.o
                0x0000000020000008                . = ALIGN (0x4)

.bss            0x0000000020000008       0x24 load address 0x0000000008001544
                0x0000000020000008                _sbss = .
                0x0000000020000008                __bss_start__ = _sbss
 *(.bss)
 .bss           0x0000000020000008       0x1c c:/st/stm32cubeide_1.4.0/stm32cubeide/plugins/com.st.stm32cube.ide.mcu.externaltools.gnu-tools-for-stm32.7-2018-q2-update.win32_1.4.0.202007081208/tools/bin/../lib/gcc/arm-none-eabi/7.3.1/thumb/v7e-m/fpv4-sp/hard/crtbegin.o
 *(.bss*)
 .bss.end_of_read_flag
                0x0000000020000024        0x1 Src/i2c.o
                0x0000000020000024                end_of_read_flag
 .bss.ubReceiveIndex
                0x0000000020000025        0x1 Src/i2c.o
                0x0000000020000025                ubReceiveIndex
 .bss.teplota   0x0000000020000026        0x2 Src/main.o
                0x0000000020000026                teplota
 *(COMMON)
 COMMON         0x0000000020000028        0x4 Src/i2c.o
                0x0000000020000028                aReceiveBuffer_read
                0x000000002000002c                . = ALIGN (0x4)
                0x000000002000002c                _ebss = .
                0x000000002000002c                __bss_end__ = _ebss

._user_heap_stack
                0x000000002000002c      0x604 load address 0x0000000008001544
                0x0000000020000030                . = ALIGN (0x8)
 *fill*         0x000000002000002c        0x4 
                0x0000000020000030                PROVIDE (end = .)
                [!provide]                        PROVIDE (_end = .)
                0x0000000020000230                . = (. + _Min_Heap_Size)
 *fill*         0x0000000020000030      0x200 
                0x0000000020000630                . = (. + _Min_Stack_Size)
 *fill*         0x0000000020000230      0x400 
                0x0000000020000630                . = ALIGN (0x8)

/DISCARD/
 libc.a(*)
 libm.a(*)
 libgcc.a(*)

.ARM.attributes
                0x0000000000000000       0x30
 *(.ARM.attributes)
 .ARM.attributes
                0x0000000000000000       0x22 c:/st/stm32cubeide_1.4.0/stm32cubeide/plugins/com.st.stm32cube.ide.mcu.externaltools.gnu-tools-for-stm32.7-2018-q2-update.win32_1.4.0.202007081208/tools/bin/../lib/gcc/arm-none-eabi/7.3.1/thumb/v7e-m/fpv4-sp/hard/crti.o
 .ARM.attributes
                0x0000000000000022       0x34 c:/st/stm32cubeide_1.4.0/stm32cubeide/plugins/com.st.stm32cube.ide.mcu.externaltools.gnu-tools-for-stm32.7-2018-q2-update.win32_1.4.0.202007081208/tools/bin/../lib/gcc/arm-none-eabi/7.3.1/thumb/v7e-m/fpv4-sp/hard/crtbegin.o
 .ARM.attributes
                0x0000000000000056       0x39 Drivers/STM32F3xx_HAL_Driver/Src/stm32f3xx_ll_gpio.o
 .ARM.attributes
                0x000000000000008f       0x39 Drivers/STM32F3xx_HAL_Driver/Src/stm32f3xx_ll_i2c.o
 .ARM.attributes
                0x00000000000000c8       0x39 Drivers/STM32F3xx_HAL_Driver/Src/stm32f3xx_ll_utils.o
 .ARM.attributes
                0x0000000000000101       0x39 Src/gpio.o
 .ARM.attributes
                0x000000000000013a       0x39 Src/i2c.o
 .ARM.attributes
                0x0000000000000173       0x39 Src/main.o
 .ARM.attributes
                0x00000000000001ac       0x39 Src/stm32f3xx_it.o
 .ARM.attributes
                0x00000000000001e5       0x39 Src/system_stm32f3xx.o
 .ARM.attributes
                0x000000000000021e       0x21 Startup/startup_stm32f303k8tx.o
 .ARM.attributes
                0x000000000000023f       0x39 accelerometer/lsm6ds0.o
 .ARM.attributes
                0x0000000000000278       0x39 hts221/hts221.o
 .ARM.attributes
                0x00000000000002b1       0x34 c:/st/stm32cubeide_1.4.0/stm32cubeide/plugins/com.st.stm32cube.ide.mcu.externaltools.gnu-tools-for-stm32.7-2018-q2-update.win32_1.4.0.202007081208/tools/bin/../lib/gcc/arm-none-eabi/7.3.1/../../../../arm-none-eabi/lib/thumb/v7e-m/fpv4-sp/hard\libc_nano.a(lib_a-init.o)
 .ARM.attributes
                0x00000000000002e5       0x22 c:/st/stm32cubeide_1.4.0/stm32cubeide/plugins/com.st.stm32cube.ide.mcu.externaltools.gnu-tools-for-stm32.7-2018-q2-update.win32_1.4.0.202007081208/tools/bin/../lib/gcc/arm-none-eabi/7.3.1/thumb/v7e-m/fpv4-sp/hard/crtn.o
OUTPUT(i2c_comm.elf elf32-littlearm)

.debug_info     0x0000000000000000     0x38d8
 .debug_info    0x0000000000000000      0x7e2 Drivers/STM32F3xx_HAL_Driver/Src/stm32f3xx_ll_gpio.o
 .debug_info    0x00000000000007e2      0x5ab Drivers/STM32F3xx_HAL_Driver/Src/stm32f3xx_ll_i2c.o
 .debug_info    0x0000000000000d8d      0x818 Drivers/STM32F3xx_HAL_Driver/Src/stm32f3xx_ll_utils.o
 .debug_info    0x00000000000015a5      0x23e Src/gpio.o
 .debug_info    0x00000000000017e3      0xd6c Src/i2c.o
 .debug_info    0x000000000000254f      0x748 Src/main.o
 .debug_info    0x0000000000002c97      0x1d2 Src/stm32f3xx_it.o
 .debug_info    0x0000000000002e69      0x400 Src/system_stm32f3xx.o
 .debug_info    0x0000000000003269       0x22 Startup/startup_stm32f303k8tx.o
 .debug_info    0x000000000000328b      0x34c accelerometer/lsm6ds0.o
 .debug_info    0x00000000000035d7      0x301 hts221/hts221.o

.debug_abbrev   0x0000000000000000      0xf05
 .debug_abbrev  0x0000000000000000      0x212 Drivers/STM32F3xx_HAL_Driver/Src/stm32f3xx_ll_gpio.o
 .debug_abbrev  0x0000000000000212      0x184 Drivers/STM32F3xx_HAL_Driver/Src/stm32f3xx_ll_i2c.o
 .debug_abbrev  0x0000000000000396      0x266 Drivers/STM32F3xx_HAL_Driver/Src/stm32f3xx_ll_utils.o
 .debug_abbrev  0x00000000000005fc      0x10f Src/gpio.o
 .debug_abbrev  0x000000000000070b      0x224 Src/i2c.o
 .debug_abbrev  0x000000000000092f      0x1a9 Src/main.o
 .debug_abbrev  0x0000000000000ad8       0xa3 Src/stm32f3xx_it.o
 .debug_abbrev  0x0000000000000b7b      0x111 Src/system_stm32f3xx.o
 .debug_abbrev  0x0000000000000c8c       0x12 Startup/startup_stm32f303k8tx.o
 .debug_abbrev  0x0000000000000c9e      0x13c accelerometer/lsm6ds0.o
 .debug_abbrev  0x0000000000000dda      0x12b hts221/hts221.o

.debug_aranges  0x0000000000000000      0x4d0
 .debug_aranges
                0x0000000000000000       0x70 Drivers/STM32F3xx_HAL_Driver/Src/stm32f3xx_ll_gpio.o
 .debug_aranges
                0x0000000000000070       0x88 Drivers/STM32F3xx_HAL_Driver/Src/stm32f3xx_ll_i2c.o
 .debug_aranges
                0x00000000000000f8       0xf0 Drivers/STM32F3xx_HAL_Driver/Src/stm32f3xx_ll_utils.o
 .debug_aranges
                0x00000000000001e8       0x28 Src/gpio.o
 .debug_aranges
                0x0000000000000210       0xe0 Src/i2c.o
 .debug_aranges
                0x00000000000002f0       0xa8 Src/main.o
 .debug_aranges
                0x0000000000000398       0x60 Src/stm32f3xx_it.o
 .debug_aranges
                0x00000000000003f8       0x28 Src/system_stm32f3xx.o
 .debug_aranges
                0x0000000000000420       0x28 Startup/startup_stm32f303k8tx.o
 .debug_aranges
                0x0000000000000448       0x48 accelerometer/lsm6ds0.o
 .debug_aranges
                0x0000000000000490       0x40 hts221/hts221.o

.debug_ranges   0x0000000000000000      0x428
 .debug_ranges  0x0000000000000000       0x60 Drivers/STM32F3xx_HAL_Driver/Src/stm32f3xx_ll_gpio.o
 .debug_ranges  0x0000000000000060       0x78 Drivers/STM32F3xx_HAL_Driver/Src/stm32f3xx_ll_i2c.o
 .debug_ranges  0x00000000000000d8       0xe0 Drivers/STM32F3xx_HAL_Driver/Src/stm32f3xx_ll_utils.o
 .debug_ranges  0x00000000000001b8       0x18 Src/gpio.o
 .debug_ranges  0x00000000000001d0       0xd0 Src/i2c.o
 .debug_ranges  0x00000000000002a0       0x98 Src/main.o
 .debug_ranges  0x0000000000000338       0x50 Src/stm32f3xx_it.o
 .debug_ranges  0x0000000000000388       0x18 Src/system_stm32f3xx.o
 .debug_ranges  0x00000000000003a0       0x20 Startup/startup_stm32f303k8tx.o
 .debug_ranges  0x00000000000003c0       0x38 accelerometer/lsm6ds0.o
 .debug_ranges  0x00000000000003f8       0x30 hts221/hts221.o

.debug_macro    0x0000000000000000     0x2364
 .debug_macro   0x0000000000000000      0x10c Drivers/STM32F3xx_HAL_Driver/Src/stm32f3xx_ll_gpio.o
 .debug_macro   0x000000000000010c      0x149 Drivers/STM32F3xx_HAL_Driver/Src/stm32f3xx_ll_gpio.o
 .debug_macro   0x0000000000000255      0x10c Drivers/STM32F3xx_HAL_Driver/Src/stm32f3xx_ll_i2c.o
 .debug_macro   0x0000000000000361      0x249 Drivers/STM32F3xx_HAL_Driver/Src/stm32f3xx_ll_i2c.o
 .debug_macro   0x00000000000005aa      0x14a Drivers/STM32F3xx_HAL_Driver/Src/stm32f3xx_ll_utils.o
 .debug_macro   0x00000000000006f4       0x30 Drivers/STM32F3xx_HAL_Driver/Src/stm32f3xx_ll_utils.o
 .debug_macro   0x0000000000000724      0x2a5 Drivers/STM32F3xx_HAL_Driver/Src/stm32f3xx_ll_utils.o
 .debug_macro   0x00000000000009c9       0xaf Drivers/STM32F3xx_HAL_Driver/Src/stm32f3xx_ll_utils.o
 .debug_macro   0x0000000000000a78      0x13d Src/gpio.o
 .debug_macro   0x0000000000000bb5      0x24f Src/gpio.o
 .debug_macro   0x0000000000000e04      0x4bb Src/gpio.o
 .debug_macro   0x00000000000012bf      0x102 Src/gpio.o
 .debug_macro   0x00000000000013c1       0x28 Src/gpio.o
 .debug_macro   0x00000000000013e9      0x287 Src/gpio.o
 .debug_macro   0x0000000000001670      0x14f Src/gpio.o
 .debug_macro   0x00000000000017bf       0x22 Src/gpio.o
 .debug_macro   0x00000000000017e1      0x13d Src/i2c.o
 .debug_macro   0x000000000000191e      0x166 Src/main.o
 .debug_macro   0x0000000000001a84      0x3ad Src/main.o
 .debug_macro   0x0000000000001e31       0x3a Src/main.o
 .debug_macro   0x0000000000001e6b       0x58 Src/main.o
 .debug_macro   0x0000000000001ec3      0x13d Src/stm32f3xx_it.o
 .debug_macro   0x0000000000002000       0xd0 Src/system_stm32f3xx.o
 .debug_macro   0x00000000000020d0      0x14a accelerometer/lsm6ds0.o
 .debug_macro   0x000000000000221a      0x14a hts221/hts221.o

.debug_line     0x0000000000000000     0x3f63
 .debug_line    0x0000000000000000      0x674 Drivers/STM32F3xx_HAL_Driver/Src/stm32f3xx_ll_gpio.o
 .debug_line    0x0000000000000674      0x5d6 Drivers/STM32F3xx_HAL_Driver/Src/stm32f3xx_ll_i2c.o
 .debug_line    0x0000000000000c4a      0x768 Drivers/STM32F3xx_HAL_Driver/Src/stm32f3xx_ll_utils.o
 .debug_line    0x00000000000013b2      0x58a Src/gpio.o
 .debug_line    0x000000000000193c      0x7cb Src/i2c.o
 .debug_line    0x0000000000002107      0x757 Src/main.o
 .debug_line    0x000000000000285e      0x61c Src/stm32f3xx_it.o
 .debug_line    0x0000000000002e7a      0x48e Src/system_stm32f3xx.o
 .debug_line    0x0000000000003308       0x81 Startup/startup_stm32f303k8tx.o
 .debug_line    0x0000000000003389      0x5fa accelerometer/lsm6ds0.o
 .debug_line    0x0000000000003983      0x5e0 hts221/hts221.o

.debug_str      0x0000000000000000    0x6e0eb
 .debug_str     0x0000000000000000    0x64657 Drivers/STM32F3xx_HAL_Driver/Src/stm32f3xx_ll_gpio.o
                                      0x647fc (size before relaxing)
 .debug_str     0x0000000000064657     0x147b Drivers/STM32F3xx_HAL_Driver/Src/stm32f3xx_ll_i2c.o
                                      0x64e84 (size before relaxing)
 .debug_str     0x0000000000065ad2     0x503a Drivers/STM32F3xx_HAL_Driver/Src/stm32f3xx_ll_utils.o
                                      0x68496 (size before relaxing)
 .debug_str     0x000000000006ab0c     0x190b Src/gpio.o
                                      0x6ac1d (size before relaxing)
 .debug_str     0x000000000006c417      0x603 Src/i2c.o
                                      0x6b409 (size before relaxing)
 .debug_str     0x000000000006ca1a     0x141c Src/main.o
                                      0x6c1c0 (size before relaxing)
 .debug_str     0x000000000006de36       0xb8 Src/stm32f3xx_it.o
                                      0x6ac35 (size before relaxing)
 .debug_str     0x000000000006deee       0x6e Src/system_stm32f3xx.o
                                      0x634a2 (size before relaxing)
 .debug_str     0x000000000006df5c       0x31 Startup/startup_stm32f303k8tx.o
                                         0x43 (size before relaxing)
 .debug_str     0x000000000006df8d       0xaa accelerometer/lsm6ds0.o
                                      0x6ad70 (size before relaxing)
 .debug_str     0x000000000006e037       0xb4 hts221/hts221.o
                                      0x6ad5f (size before relaxing)

.comment        0x0000000000000000       0x7b
 .comment       0x0000000000000000       0x7b Drivers/STM32F3xx_HAL_Driver/Src/stm32f3xx_ll_gpio.o
                                         0x7c (size before relaxing)
 .comment       0x000000000000007b       0x7c Drivers/STM32F3xx_HAL_Driver/Src/stm32f3xx_ll_i2c.o
 .comment       0x000000000000007b       0x7c Drivers/STM32F3xx_HAL_Driver/Src/stm32f3xx_ll_utils.o
 .comment       0x000000000000007b       0x7c Src/gpio.o
 .comment       0x000000000000007b       0x7c Src/i2c.o
 .comment       0x000000000000007b       0x7c Src/main.o
 .comment       0x000000000000007b       0x7c Src/stm32f3xx_it.o
 .comment       0x000000000000007b       0x7c Src/system_stm32f3xx.o
 .comment       0x000000000000007b       0x7c accelerometer/lsm6ds0.o
 .comment       0x000000000000007b       0x7c hts221/hts221.o

.debug_frame    0x0000000000000000     0x11ec
 .debug_frame   0x0000000000000000      0x1c0 Drivers/STM32F3xx_HAL_Driver/Src/stm32f3xx_ll_gpio.o
 .debug_frame   0x00000000000001c0      0x238 Drivers/STM32F3xx_HAL_Driver/Src/stm32f3xx_ll_i2c.o
 .debug_frame   0x00000000000003f8      0x3dc Drivers/STM32F3xx_HAL_Driver/Src/stm32f3xx_ll_utils.o
 .debug_frame   0x00000000000007d4       0x54 Src/gpio.o
 .debug_frame   0x0000000000000828      0x3e4 Src/i2c.o
 .debug_frame   0x0000000000000c0c      0x2a0 Src/main.o
 .debug_frame   0x0000000000000eac      0x110 Src/stm32f3xx_it.o
 .debug_frame   0x0000000000000fbc       0x58 Src/system_stm32f3xx.o
 .debug_frame   0x0000000000001014       0xe8 accelerometer/lsm6ds0.o
 .debug_frame   0x00000000000010fc       0xc4 hts221/hts221.o
 .debug_frame   0x00000000000011c0       0x2c c:/st/stm32cubeide_1.4.0/stm32cubeide/plugins/com.st.stm32cube.ide.mcu.externaltools.gnu-tools-for-stm32.7-2018-q2-update.win32_1.4.0.202007081208/tools/bin/../lib/gcc/arm-none-eabi/7.3.1/../../../../arm-none-eabi/lib/thumb/v7e-m/fpv4-sp/hard\libc_nano.a(lib_a-init.o)
